Component: ARM Compiler 5.06 update 6 (build 750) Tool: armlink [4d35ed]

==============================================================================

Section Cross References

    startup_stm32f103xb.o(STACK) refers (Special) to heapauxi.o(.text) for __use_two_region_memory
    startup_stm32f103xb.o(HEAP) refers (Special) to heapauxi.o(.text) for __use_two_region_memory
    startup_stm32f103xb.o(RESET) refers (Special) to heapauxi.o(.text) for __use_two_region_memory
    startup_stm32f103xb.o(RESET) refers to startup_stm32f103xb.o(STACK) for __initial_sp
    startup_stm32f103xb.o(RESET) refers to startup_stm32f103xb.o(.text) for Reset_Handler
    startup_stm32f103xb.o(RESET) refers to stm32f1xx_it.o(i.NMI_Handler) for NMI_Handler
    startup_stm32f103xb.o(RESET) refers to stm32f1xx_it.o(i.HardFault_Handler) for HardFault_Handler
    startup_stm32f103xb.o(RESET) refers to stm32f1xx_it.o(i.MemManage_Handler) for MemManage_Handler
    startup_stm32f103xb.o(RESET) refers to stm32f1xx_it.o(i.BusFault_Handler) for BusFault_Handler
    startup_stm32f103xb.o(RESET) refers to stm32f1xx_it.o(i.UsageFault_Handler) for UsageFault_Handler
    startup_stm32f103xb.o(RESET) refers to port.o(.emb_text) for SVC_Handler
    startup_stm32f103xb.o(RESET) refers to stm32f1xx_it.o(i.DebugMon_Handler) for DebugMon_Handler
    startup_stm32f103xb.o(RESET) refers to port.o(i.SysTick_Handler) for SysTick_Handler
    startup_stm32f103xb.o(RESET) refers to stm32f1xx_it.o(i.EXTI3_IRQHandler) for EXTI3_IRQHandler
    startup_stm32f103xb.o(RESET) refers to stm32f1xx_it.o(i.EXTI4_IRQHandler) for EXTI4_IRQHandler
    startup_stm32f103xb.o(RESET) refers to stm32f1xx_it.o(i.DMA1_Channel1_IRQHandler) for DMA1_Channel1_IRQHandler
    startup_stm32f103xb.o(RESET) refers to stm32f1xx_it.o(i.DMA1_Channel2_IRQHandler) for DMA1_Channel2_IRQHandler
    startup_stm32f103xb.o(RESET) refers to stm32f1xx_it.o(i.DMA1_Channel4_IRQHandler) for DMA1_Channel4_IRQHandler
    startup_stm32f103xb.o(RESET) refers to stm32f1xx_it.o(i.EXTI9_5_IRQHandler) for EXTI9_5_IRQHandler
    startup_stm32f103xb.o(RESET) refers to stm32f1xx_it.o(i.TIM1_UP_IRQHandler) for TIM1_UP_IRQHandler
    startup_stm32f103xb.o(RESET) refers to stm32f1xx_it.o(i.TIM2_IRQHandler) for TIM2_IRQHandler
    startup_stm32f103xb.o(RESET) refers to stm32f1xx_it.o(i.USART1_IRQHandler) for USART1_IRQHandler
    startup_stm32f103xb.o(RESET) refers to stm32f1xx_it.o(i.USART3_IRQHandler) for USART3_IRQHandler
    startup_stm32f103xb.o(.text) refers (Special) to heapauxi.o(.text) for __use_two_region_memory
    startup_stm32f103xb.o(.text) refers to system_stm32f1xx.o(i.SystemInit) for SystemInit
    startup_stm32f103xb.o(.text) refers to __main.o(!!!main) for __main
    startup_stm32f103xb.o(.text) refers to startup_stm32f103xb.o(HEAP) for Heap_Mem
    startup_stm32f103xb.o(.text) refers to startup_stm32f103xb.o(STACK) for Stack_Mem
    user_task.o(i.Task1) refers to _printf_percent.o(.ARM.Collect$$_printf_percent$$00000000) for _printf_percent
    user_task.o(i.Task1) refers to _printf_d.o(.ARM.Collect$$_printf_percent$$00000009) for _printf_d
    user_task.o(i.Task1) refers to _printf_f.o(.ARM.Collect$$_printf_percent$$00000003) for _printf_f
    user_task.o(i.Task1) refers to _printf_dec.o(.text) for _printf_int_dec
    user_task.o(i.Task1) refers to printf1.o(x$fpl$printf1) for _printf_fp_dec
    user_task.o(i.Task1) refers to user_task.o(i.lora_init_config) for lora_init_config
    user_task.o(i.Task1) refers to lora.o(i.LoRa_startReceiving) for LoRa_startReceiving
    user_task.o(i.Task1) refers to queue.o(i.xQueueSemaphoreTake) for xQueueSemaphoreTake
    user_task.o(i.Task1) refers to rt_memclr_w.o(.text) for __aeabi_memclr4
    user_task.o(i.Task1) refers to lora.o(i.LoRa_receive) for LoRa_receive
    user_task.o(i.Task1) refers to lora.o(i.LoRa_getRSSI) for LoRa_getRSSI
    user_task.o(i.Task1) refers to stm32f1xx_hal_uart.o(i.HAL_UART_Transmit_DMA) for HAL_UART_Transmit_DMA
    user_task.o(i.Task1) refers to tasks.o(i.vTaskDelay) for vTaskDelay
    user_task.o(i.Task1) refers to f2d.o(x$fpl$f2d) for __aeabi_f2d
    user_task.o(i.Task1) refers to noretval__2sprintf.o(.text) for __2sprintf
    user_task.o(i.Task1) refers to strlen.o(.text) for strlen
    user_task.o(i.Task1) refers to stm32f1xx_hal_gpio.o(i.HAL_GPIO_TogglePin) for HAL_GPIO_TogglePin
    user_task.o(i.Task1) refers to stm32f1xx_hal_uart.o(i.HAL_UART_Transmit) for HAL_UART_Transmit
    user_task.o(i.Task1) refers to user_task.o(.bss) for .bss
    user_task.o(i.Task1) refers to user_task.o(.data) for .data
    user_task.o(i.Task1) refers to main.o(.data) for lora_flag
    user_task.o(i.Task1) refers to main.o(.bss) for huart1
    user_task.o(i.Task1) refers to user_task.o(.conststring) for .conststring
    user_task.o(i.TaskButton) refers to tasks.o(i.xTaskGetTickCount) for xTaskGetTickCount
    user_task.o(i.TaskButton) refers to tasks.o(i.vTaskDelay) for vTaskDelay
[...]
    i.xTaskGetTickCount                      0x08004cac   Section        0  tasks.o(i.xTaskGetTickCount)
    i.xTaskIncrementTick                     0x08004cb8   Section        0  tasks.o(i.xTaskIncrementTick)
    i.xTaskRemoveFromEventList               0x08004d84   Section        0  tasks.o(i.xTaskRemoveFromEventList)
    i.xTaskResumeAll                         0x08004df8   Section        0  tasks.o(i.xTaskResumeAll)
    i.xuat_1_byte                            0x08004ebc   Section        0  7seg.o(i.xuat_1_byte)
    i.xuat_8led_7doan                        0x08004f08   Section        0  7seg.o(i.xuat_8led_7doan)
    x$fpl$ddiv                               0x08004f4c   Section      688  ddiv.o(x$fpl$ddiv)
    ddiv_entry                               0x08004f53   Thumb Code     0  ddiv.o(x$fpl$ddiv)
    x$fpl$dfix                               0x080051fc   Section       94  dfix.o(x$fpl$dfix)
    x$fpl$dflt                               0x0800525a   Section       46  dflt_clz.o(x$fpl$dflt)
    x$fpl$dnaninf                            0x08005288   Section      156  dnaninf.o(x$fpl$dnaninf)
    x$fpl$dretinf                            0x08005324   Section       12  dretinf.o(x$fpl$dretinf)
    x$fpl$fadd                               0x08005330   Section      196  faddsub_clz.o(x$fpl$fadd)
    _fadd1                                   0x0800533f   Thumb Code     0  faddsub_clz.o(x$fpl$fadd)
    x$fpl$fcheck1                            0x080053f4   Section       12  fcheck1.o(x$fpl$fcheck1)
    x$fpl$fdiv                               0x08005400   Section      388  fdiv.o(x$fpl$fdiv)
    _fdiv1                                   0x08005401   Thumb Code     0  fdiv.o(x$fpl$fdiv)
    x$fpl$fflt                               0x08005584   Section       48  fflt_clz.o(x$fpl$fflt)
    x$fpl$ffltu                              0x080055b4   Section       38  fflt_clz.o(x$fpl$ffltu)
    x$fpl$fmul                               0x080055dc   Section      258  fmul.o(x$fpl$fmul)
    x$fpl$fnaninf                            0x080056de   Section      140  fnaninf.o(x$fpl$fnaninf)
    x$fpl$fretinf                            0x0800576a   Section       10  fretinf.o(x$fpl$fretinf)
    x$fpl$fsub                               0x08005774   Section      234  faddsub_clz.o(x$fpl$fsub)
    _fsub1                                   0x08005783   Thumb Code     0  faddsub_clz.o(x$fpl$fsub)
    x$fpl$retnan                             0x0800585e   Section      100  retnan.o(x$fpl$retnan)
    x$fpl$scalbnf                            0x080058c2   Section       76  scalbnf.o(x$fpl$scalbnf)
    x$fpl$trapveneer                         0x0800590e   Section       48  trapv.o(x$fpl$trapveneer)
    x$fpl$usenofp                            0x0800593e   Section        0  usenofp.o(x$fpl$usenofp)
    .constdata                               0x08005940   Section       32  user_task.o(.constdata)
    .constdata                               0x08005960   Section       10  7seg.o(.constdata)
    ma7doan                                  0x08005960   Data          10  7seg.o(.constdata)
    .constdata                               0x0800596c   Section       28  main.o(.constdata)
    .constdata                               0x08005988   Section       18  stm32f1xx_hal_rcc.o(.constdata)
    aPredivFactorTable                       0x08005988   Data           2  stm32f1xx_hal_rcc.o(.constdata)
    aPLLMULFactorTable                       0x0800598a   Data          16  stm32f1xx_hal_rcc.o(.constdata)
    .constdata                               0x0800599a   Section       18  stm32f1xx_hal_rcc_ex.o(.constdata)
    aPredivFactorTable                       0x0800599a   Data           2  stm32f1xx_hal_rcc_ex.o(.constdata)
    aPLLMULFactorTable                       0x0800599c   Data          16  stm32f1xx_hal_rcc_ex.o(.constdata)
    .constdata                               0x080059ac   Section       16  system_stm32f1xx.o(.constdata)
    .constdata                               0x080059bc   Section        8  system_stm32f1xx.o(.constdata)
    .constdata                               0x080059c8   Section       80  lora.o(.constdata)
    .constdata                               0x08005a18   Section       64  logf.o(.constdata)
    logahi                                   0x08005a18   Data          32  logf.o(.constdata)
    logalo                                   0x08005a38   Data          32  logf.o(.constdata)
    .conststring                             0x08005a58   Section       12  main.o(.conststring)
    .data                                    0x20000000   Section       20  user_task.o(.data)
    .data                                    0x20000014   Section        1  adc.o(.data)
    idx                                      0x20000014   Data           1  adc.o(.data)
    .data                                    0x20000015   Section       11  7seg.o(.data)
    led_7dq                                  0x20000018   Data           8  7seg.o(.data)
    .data                                    0x20000020   Section       12  main.o(.data)
    .data                                    0x2000002c   Section        3  main.o(.data)
    .data                                    0x2000002f   Section        4  main.o(.data)
    .data                                    0x20000034   Section       12  stm32f1xx_hal.o(.data)
    .data                                    0x20000040   Section        4  system_stm32f1xx.o(.data)
    .data                                    0x20000044   Section       60  tasks.o(.data)
    uxDeletedTasksWaitingCleanUp             0x20000048   Data           4  tasks.o(.data)
    uxCurrentNumberOfTasks                   0x2000004c   Data           4  tasks.o(.data)
    xTickCount                               0x20000050   Data           4  tasks.o(.data)
    uxTopReadyPriority                       0x20000054   Data           4  tasks.o(.data)
    xSchedulerRunning                        0x20000058   Data           4  tasks.o(.data)
    xPendedTicks                             0x2000005c   Data           4  tasks.o(.data)
    xYieldPending                            0x20000060   Data           4  tasks.o(.data)
    xNumOfOverflows                          0x20000064   Data           4  tasks.o(.data)
    uxTaskNumber                             0x20000068   Data           4  tasks.o(.data)
    xNextTaskUnblockTime                     0x2000006c   Data           4  tasks.o(.data)
    xIdleTaskHandle                          0x20000070   Data           4  tasks.o(.data)
    uxSchedulerSuspended                     0x20000074   Data           4  tasks.o(.data)
    pxDelayedTaskList                        0x20000078   Data           4  tasks.o(.data)
    pxOverflowDelayedTaskList                0x2000007c   Data           4  tasks.o(.data)
    .data                                    0x20000080   Section       32  heap_4.o(.data)
    pxEnd                                    0x20000080   Data           4  heap_4.o(.data)
    xFreeBytesRemaining                      0x20000084   Data           4  heap_4.o(.data)
    xMinimumEverFreeBytesRemaining           0x20000088   Data           4  heap_4.o(.data)
    xNumberOfSuccessfulAllocations           0x2000008c   Data           4  heap_4.o(.data)
    xNumberOfSuccessfulFrees                 0x20000090   Data           4  heap_4.o(.data)
    xBlockAllocatedBit                       0x20000094   Data           4  heap_4.o(.data)
    xStart                                   0x20000098   Data           8  heap_4.o(.data)
    .data                                    0x200000a0   Section       12  port.o(.data)
    ucMaxSysCallPriority                     0x200000a0   Data           1  port.o(.data)
    uxCriticalNesting                        0x200000a4   Data           4  port.o(.data)
    ulMaxPRIGROUPValue                       0x200000a8   Data           4  port.o(.data)
    .bss                                     0x200000ac   Section       44  user_task.o(.bss)
    .bss                                     0x200000d8   Section       48  adc.o(.bss)
    adcBuf0                                  0x200000d8   Data          16  adc.o(.bss)
    adcBuf1                                  0x200000e8   Data          16  adc.o(.bss)
    .bss                                     0x20000108   Section      456  main.o(.bss)
    .bss                                     0x200002d0   Section       68  main.o(.bss)
    .bss                                     0x20000314   Section       68  main.o(.bss)
    .bss                                     0x20000358   Section       68  main.o(.bss)
    .bss                                     0x2000039c   Section      596  freertos.o(.bss)
    xIdleTaskTCBBuffer                       0x2000039c   Data          84  freertos.o(.bss)
    xIdleStack                               0x200003f0   Data         512  freertos.o(.bss)
    .bss                                     0x200005f0   Section       72  stm32f1xx_hal_timebase_tim.o(.bss)
    .bss                                     0x20000638   Section      240  tasks.o(.bss)
    pxReadyTasksLists                        0x20000638   Data         140  tasks.o(.bss)
    xDelayedTaskList1                        0x200006c4   Data          20  tasks.o(.bss)
    xDelayedTaskList2                        0x200006d8   Data          20  tasks.o(.bss)
    xPendingReadyList                        0x200006ec   Data          20  tasks.o(.bss)
    xTasksWaitingTermination                 0x20000700   Data          20  tasks.o(.bss)
    xSuspendedTaskList                       0x20000714   Data          20  tasks.o(.bss)
    .bss                                     0x20000728   Section     6072  heap_4.o(.bss)
    ucHeap                                   0x20000728   Data        6072  heap_4.o(.bss)
    .bss                                     0x20001ee0   Section       96  libspace.o(.bss)
    HEAP                                     0x20001f40   Section      512  startup_stm32f103xb.o(HEAP)
    Heap_Mem                                 0x20001f40   Data         512  startup_stm32f103xb.o(HEAP)
    STACK                                    0x20002140   Section     1024  startup_stm32f103xb.o(STACK)
    Stack_Mem                                0x20002140   Data        1024  startup_stm32f103xb.o(STACK)
    __initial_sp                             0x20002540   Data           0  startup_stm32f103xb.o(STACK)

    Global Symbols

    Symbol Name                              Value     Ov Type        Size  Object(Section)

    BuildAttributes$$THM_ISAv4$P$D$K$B$S$PE$A:L22UL41UL21$X:L11$S22US41US21$IEEE1$IW$USESV6$~STKCKD$USESV7$~SHL$OTIME$ROPI$IEEEX$EBA8$UX$STANDARDLIB$REQ8$PRES8$EABIv2 0x00000000   Number         0  anon$$obj.o ABSOLUTE
    __ARM_use_no_argv                        0x00000000   Number         0  main.o ABSOLUTE
    _printf_flags                            0x00000000   Number         0  printf_stubs.o ABSOLUTE
    _printf_return_value                     0x00000000   Number         0  printf_stubs.o ABSOLUTE
    _printf_sizespec                         0x00000000   Number         0  printf_stubs.o ABSOLUTE
    _printf_widthprec                        0x00000000   Number         0  printf_stubs.o ABSOLUTE
    __ARM_exceptions_init                     - Undefined Weak Reference
    __alloca_initialize                       - Undefined Weak Reference
    __arm_preinit_                            - Undefined Weak Reference
    __cpp_initialize__aeabi_                  - Undefined Weak Reference
    __cxa_finalize                            - Undefined Weak Reference
    __sigvec_lookup                           - Undefined Weak Reference
    _atexit_init                              - Undefined Weak Reference
    _call_atexit_fns                          - Undefined Weak Reference
    _clock_init                               - Undefined Weak Reference
    _fp_trap_init                             - Undefined Weak Reference
    _fp_trap_shutdown                         - Undefined Weak Reference
    _get_lc_collate                           - Undefined Weak Reference
    _get_lc_ctype                             - Undefined Weak Reference
    _get_lc_monetary                          - Undefined Weak Reference
    _get_lc_time                              - Undefined Weak Reference
    _getenv_init                              - Undefined Weak Reference
    _handle_redirection                       - Undefined Weak Reference
    _init_alloc                               - Undefined Weak Reference
    _init_user_alloc                          - Undefined Weak Reference
    _initio                                   - Undefined Weak Reference
    _printf_truncate_signed                   - Undefined Weak Reference
    _printf_truncate_unsigned                 - Undefined Weak Reference
    _signal_finish                            - Undefined Weak Reference
    _signal_init                              - Undefined Weak Reference
    _terminate_alloc                          - Undefined Weak Reference
    _terminate_user_alloc                     - Undefined Weak Reference
    _terminateio                              - Undefined Weak Reference
    __Vectors_Size                           0x000000ec   Number         0  startup_stm32f103xb.o ABSOLUTE
    __Vectors                                0x08000000   Data           4  startup_stm32f103xb.o(RESET)
    __Vectors_End                            0x080000ec   Data           0  startup_stm32f103xb.o(RESET)
    __main                                   0x080000ed   Thumb Code     8  __main.o(!!!main)
    __scatterload                            0x080000f5   Thumb Code     0  __scatter.o(!!!scatter)
    __scatterload_rt2                        0x080000f5   Thumb Code    44  __scatter.o(!!!scatter)
    __scatterload_rt2_thumb_only             0x080000f5   Thumb Code     0  __scatter.o(!!!scatter)
    __scatterload_null                       0x08000103   Thumb Code     0  __scatter.o(!!!scatter)
    __scatterload_copy                       0x08000129   Thumb Code    26  __scatter_copy.o(!!handler_copy)
    __scatterload_zeroinit                   0x08000145   Thumb Code    28  __scatter_zi.o(!!handler_zi)
    __rt_lib_init                            0x08000161   Thumb Code     0  libinit.o(.ARM.Collect$$libinit$$00000000)
    __rt_lib_init_alloca_1                   0x08000163   Thumb Code     0  libinit2.o(.ARM.Collect$$libinit$$0000002E)
    __rt_lib_init_argv_1                     0x08000163   Thumb Code     0  libinit2.o(.ARM.Collect$$libinit$$0000002C)
    __rt_lib_init_atexit_1                   0x08000163   Thumb Code     0  libinit2.o(.ARM.Collect$$libinit$$0000001B)
    __rt_lib_init_clock_1                    0x08000163   Thumb Code     0  libinit2.o(.ARM.Collect$$libinit$$00000021)
    __rt_lib_init_cpp_1                      0x08000163   Thumb Code     0  libinit2.o(.ARM.Collect$$libinit$$00000032)
    __rt_lib_init_exceptions_1               0x08000163   Thumb Code     0  libinit2.o(.ARM.Collect$$libinit$$00000030)
    __rt_lib_init_fp_1                       0x08000163   Thumb Code     0  libinit2.o(.ARM.Collect$$libinit$$00000002)
    __rt_lib_init_fp_trap_1                  0x08000163   Thumb Code     0  libinit2.o(.ARM.Collect$$libinit$$0000001F)
    __rt_lib_init_getenv_1                   0x08000163   Thumb Code     0  libinit2.o(.ARM.Collect$$libinit$$00000023)
    __rt_lib_init_heap_1                     0x08000163   Thumb Code     0  libinit2.o(.ARM.Collect$$libinit$$0000000A)
    __rt_lib_init_lc_collate_1               0x08000163   Thumb Code     0  libinit2.o(.ARM.Collect$$libinit$$00000011)
    __rt_lib_init_lc_ctype_1                 0x08000163   Thumb Code     0  libinit2.o(.ARM.Collect$$libinit$$00000013)
    __rt_lib_init_lc_monetary_1              0x08000163   Thumb Code     0  libinit2.o(.ARM.Collect$$libinit$$00000015)
    __rt_lib_init_lc_numeric_1               0x08000163   Thumb Code     0  libinit2.o(.ARM.Collect$$libinit$$00000017)
    __rt_lib_init_lc_time_1                  0x08000163   Thumb Code     0  libinit2.o(.ARM.Collect$$libinit$$00000019)
    __rt_lib_init_preinit_1                  0x08000163   Thumb Code     0  libinit2.o(.ARM.Collect$$libinit$$00000004)
    __rt_lib_init_rand_1                     0x08000163   Thumb Code     0  libinit2.o(.ARM.Collect$$libinit$$0000000E)
    __rt_lib_init_return                     0x08000163   Thumb Code     0  libinit2.o(.ARM.Collect$$libinit$$00000033)
    __rt_lib_init_signal_1                   0x08000163   Thumb Code     0  libinit2.o(.ARM.Collect$$libinit$$0000001D)
    __rt_lib_init_stdio_1                    0x08000163   Thumb Code     0  libinit2.o(.ARM.Collect$$libinit$$00000025)
    __rt_lib_init_user_alloc_1               0x08000163   Thumb Code     0  libinit2.o(.ARM.Collect$$libinit$$0000000C)
    __rt_lib_shutdown                        0x08000165   Thumb Code     0  libshutdown.o(.ARM.Collect$$libshutdown$$00000000)
    __rt_lib_shutdown_cpp_1                  0x08000167   Thumb Code     0  libshutdown2.o(.ARM.Collect$$libshutdown$$00000002)
    __rt_lib_shutdown_fp_trap_1              0x08000167   Thumb Code     0  libshutdown2.o(.ARM.Collect$$libshutdown$$00000007)
    __rt_lib_shutdown_heap_1                 0x08000167   Thumb Code     0  libshutdown2.o(.ARM.Collect$$libshutdown$$0000000F)
    __rt_lib_shutdown_return                 0x08000167   Thumb Code     0  libshutdown2.o(.ARM.Collect$$libshutdown$$00000010)
    __rt_lib_shutdown_signal_1               0x08000167   Thumb Code     0  libshutdown2.o(.ARM.Collect$$libshutdown$$0000000A)
    __rt_lib_shutdown_stdio_1                0x08000167   Thumb Code     0  libshutdown2.o(.ARM.Collect$$libshutdown$$00000004)
    __rt_lib_shutdown_user_alloc_1           0x08000167   Thumb Code     0  libshutdown2.o(.ARM.Collect$$libshutdown$$0000000C)
    __rt_entry                               0x08000169   Thumb Code     0  __rtentry.o(.ARM.Collect$$rtentry$$00000000)
    __rt_entry_presh_1                       0x08000169   Thumb Code     0  __rtentry2.o(.ARM.Collect$$rtentry$$00000002)
    __rt_entry_sh                            0x08000169   Thumb Code     0  __rtentry4.o(.ARM.Collect$$rtentry$$00000004)
    __rt_entry_li                            0x0800016f   Thumb Code     0  __rtentry2.o(.ARM.Collect$$rtentry$$0000000A)
    __rt_entry_postsh_1                      0x0800016f   Thumb Code     0  __rtentry2.o(.ARM.Collect$$rtentry$$00000009)
    __rt_entry_main                          0x08000173   Thumb Code     0  __rtentry2.o(.ARM.Collect$$rtentry$$0000000D)
    __rt_entry_postli_1                      0x08000173   Thumb Code     0  __rtentry2.o(.ARM.Collect$$rtentry$$0000000C)
    __rt_exit                                0x0800017b   Thumb Code     0  rtexit.o(.ARM.Collect$$rtexit$$00000000)
    __rt_exit_ls                             0x0800017d   Thumb Code     0  rtexit2.o(.ARM.Collect$$rtexit$$00000003)
    __rt_exit_prels_1                        0x0800017d   Thumb Code     0  rtexit2.o(.ARM.Collect$$rtexit$$00000002)
    __rt_exit_exit                           0x08000181   Thumb Code     0  rtexit2.o(.ARM.Collect$$rtexit$$00000004)
    SVC_Handler                              0x08000189   Thumb Code    32  port.o(.emb_text)
    __asm___6_port_c_39a90d8d__prvStartFirstTask 0x080001ad   Thumb Code    28  port.o(.emb_text)
    PendSV_Handler                           0x080001cd   Thumb Code    72  port.o(.emb_text)
    vPortGetIPSR                             0x08000219   Thumb Code     6  port.o(.emb_text)
    Reset_Handler                            0x08000221   Thumb Code     8  startup_stm32f103xb.o(.text)
    ADC1_2_IRQHandler                        0x0800023b   Thumb Code     0  startup_stm32f103xb.o(.text)
    CAN1_RX1_IRQHandler                      0x0800023b   Thumb Code     0  startup_stm32f103xb.o(.text)
    CAN1_SCE_IRQHandler                      0x0800023b   Thumb Code     0  startup_stm32f103xb.o(.text)
    DMA1_Channel3_IRQHandler                 0x0800023b   Thumb Code     0  startup_stm32f103xb.o(.text)
    DMA1_Channel5_IRQHandler                 0x0800023b   Thumb Code     0  startup_stm32f103xb.o(.text)
    DMA1_Channel6_IRQHandler                 0x0800023b   Thumb Code     0  startup_stm32f103xb.o(.text)
    DMA1_Channel7_IRQHandler                 0x0800023b   Thumb Code     0  startup_stm32f103xb.o(.text)
    EXTI0_IRQHandler                         0x0800023b   Thumb Code     0  startup_stm32f103xb.o(.text)
    EXTI15_10_IRQHandler                     0x0800023b   Thumb Code     0  startup_stm32f103xb.o(.text)
    EXTI1_IRQHandler                         0x0800023b   Thumb Code     0  startup_stm32f103xb.o(.text)
    EXTI2_IRQHandler                         0x0800023b   Thumb Code     0  startup_stm32f103xb.o(.text)
    FLASH_IRQHandler                         0x0800023b   Thumb Code     0  startup_stm32f103xb.o(.text)
    I2C1_ER_IRQHandler                       0x0800023b   Thumb Code     0  startup_stm32f103xb.o(.text)
    I2C1_EV_IRQHandler                       0x0800023b   Thumb Code     0  startup_stm32f103xb.o(.text)
    I2C2_ER_IRQHandler                       0x0800023b   Thumb Code     0  startup_stm32f103xb.o(.text)
    I2C2_EV_IRQHandler                       0x0800023b   Thumb Code     0  startup_stm32f103xb.o(.text)
    PVD_IRQHandler                           0x0800023b   Thumb Code     0  startup_stm32f103xb.o(.text)
    RCC_IRQHandler                           0x0800023b   Thumb Code     0  startup_stm32f103xb.o(.text)
    RTC_Alarm_IRQHandler                     0x0800023b   Thumb Code     0  startup_stm32f103xb.o(.text)
    RTC_IRQHandler                           0x0800023b   Thumb Code     0  startup_stm32f103xb.o(.text)
    SPI1_IRQHandler                          0x0800023b   Thumb Code     0  startup_stm32f103xb.o(.text)
    SPI2_IRQHandler                          0x0800023b   Thumb Code     0  startup_stm32f103xb.o(.text)
    TAMPER_IRQHandler                        0x0800023b   Thumb Code     0  startup_stm32f103xb.o(.text)
    TIM1_BRK_IRQHandler                      0x0800023b   Thumb Code     0  startup_stm32f103xb.o(.text)
    TIM1_CC_IRQHandler                       0x0800023b   Thumb Code     0  startup_stm32f103xb.o(.text)
    TIM1_TRG_COM_IRQHandler                  0x0800023b   Thumb Code     0  startup_stm32f103xb.o(.text)
    TIM3_IRQHandler                          0x0800023b   Thumb Code     0  startup_stm32f103xb.o(.text)
    TIM4_IRQHandler                          0x0800023b   Thumb Code     0  startup_stm32f103xb.o(.text)
    USART2_IRQHandler                        0x0800023b   Thumb Code     0  startup_stm32f103xb.o(.text)
    USBWakeUp_IRQHandler                     0x0800023b   Thumb Code     0  startup_stm32f103xb.o(.text)
    USB_HP_CAN1_TX_IRQHandler                0x0800023b   Thumb Code     0  startup_stm32f103xb.o(.text)
    USB_LP_CAN1_RX0_IRQHandler               0x0800023b   Thumb Code     0  startup_stm32f103xb.o(.text)
    WWDG_IRQHandler                          0x0800023b   Thumb Code     0  startup_stm32f103xb.o(.text)
    __user_initial_stackheap                 0x0800023d   Thumb Code     0  startup_stm32f103xb.o(.text)
    __aeabi_memcpy4                          0x08000261   Thumb Code     0  rt_memcpy_w.o(.text)
    __aeabi_memcpy8                          0x08000261   Thumb Code     0  rt_memcpy_w.o(.text)
    __rt_memcpy_w                            0x08000261   Thumb Code   100  rt_memcpy_w.o(.text)
    _memcpy_lastbytes_aligned                0x080002a9   Thumb Code     0  rt_memcpy_w.o(.text)
    __aeabi_memclr4                          0x080002c5   Thumb Code     0  rt_memclr_w.o(.text)
    __aeabi_memclr8                          0x080002c5   Thumb Code     0  rt_memclr_w.o(.text)
    __rt_memclr_w                            0x080002c5   Thumb Code    78  rt_memclr_w.o(.text)
    _memset_w                                0x080002c9   Thumb Code     0  rt_memclr_w.o(.text)
    __use_two_region_memory                  0x08000313   Thumb Code     2  heapauxi.o(.text)
    __rt_heap_escrow$2region                 0x08000315   Thumb Code     2  heapauxi.o(.text)
    __rt_heap_expand$2region                 0x08000317   Thumb Code     2  heapauxi.o(.text)
    __read_errno                             0x08000319   Thumb Code    10  _rserrno.o(.text)
    __set_errno                              0x08000323   Thumb Code    12  _rserrno.o(.text)
    __aeabi_errno_addr                       0x08000331   Thumb Code     8  rt_errno_addr_intlibspace.o(.text)
    __errno$intlibspace                      0x08000331   Thumb Code     0  rt_errno_addr_intlibspace.o(.text)
    __rt_errno_addr$intlibspace              0x08000331   Thumb Code     0  rt_errno_addr_intlibspace.o(.text)
    __user_libspace                          0x08000339   Thumb Code     8  libspace.o(.text)
    __user_perproc_libspace                  0x08000339   Thumb Code     0  libspace.o(.text)
    __user_perthread_libspace                0x08000339   Thumb Code     0  libspace.o(.text)
    __user_setup_stackheap                   0x08000341   Thumb Code    74  sys_stackheap_outer.o(.text)
    exit                                     0x0800038b   Thumb Code    18  exit.o(.text)
    __I$use$semihosting                      0x0800039d   Thumb Code     0  use_no_semi.o(.text)
    __use_no_semihosting_swi                 0x0800039d   Thumb Code     2  use_no_semi.o(.text)
    __semihosting_library_function           0x0800039f   Thumb Code     0  indicate_semi.o(.text)
    _sys_exit                                0x080003a1   Thumb Code     8  sys_exit.o(.text)
    ADC_ConversionStop_Disable               0x080003ad   Thumb Code    86  stm32f1xx_hal_adc.o(i.ADC_ConversionStop_Disable)
    ADC_DMAConvCplt                          0x08000403   Thumb Code    78  stm32f1xx_hal_adc.o(i.ADC_DMAConvCplt)
    ADC_DMAError                             0x08000451   Thumb Code    26  stm32f1xx_hal_adc.o(i.ADC_DMAError)
    ADC_DMAHalfConvCplt                      0x0800046b   Thumb Code    10  stm32f1xx_hal_adc.o(i.ADC_DMAHalfConvCplt)
    ADC_Enable                               0x08000475   Thumb Code   114  stm32f1xx_hal_adc.o(i.ADC_Enable)
    BusFault_Handler                         0x080004f1   Thumb Code     2  stm32f1xx_it.o(i.BusFault_Handler)
    DMA1_Channel1_IRQHandler                 0x080004f5   Thumb Code     6  stm32f1xx_it.o(i.DMA1_Channel1_IRQHandler)
    DMA1_Channel2_IRQHandler                 0x08000501   Thumb Code     6  stm32f1xx_it.o(i.DMA1_Channel2_IRQHandler)
    DMA1_Channel4_IRQHandler                 0x0800050d   Thumb Code     6  stm32f1xx_it.o(i.DMA1_Channel4_IRQHandler)
    DebugMon_Handler                         0x08000543   Thumb Code     2  stm32f1xx_it.o(i.DebugMon_Handler)
    EXTI3_IRQHandler                         0x08000545   Thumb Code     6  stm32f1xx_it.o(i.EXTI3_IRQHandler)
    EXTI4_IRQHandler                         0x0800054b   Thumb Code     6  stm32f1xx_it.o(i.EXTI4_IRQHandler)
    EXTI9_5_IRQHandler                       0x08000551   Thumb Code    20  stm32f1xx_it.o(i.EXTI9_5_IRQHandler)
    Error_Handler                            0x08000565   Thumb Code     4  main.o(i.Error_Handler)
    HAL_ADC_ConfigChannel                    0x08000569   Thumb Code   240  stm32f1xx_hal_adc.o(i.HAL_ADC_ConfigChannel)
    HAL_ADC_ConvCpltCallback                 0x08000665   Thumb Code     2  stm32f1xx_hal_adc.o(i.HAL_ADC_ConvCpltCallback)
    HAL_ADC_ConvHalfCpltCallback             0x08000667   Thumb Code     2  stm32f1xx_hal_adc.o(i.HAL_ADC_ConvHalfCpltCallback)
    HAL_ADC_ErrorCallback                    0x08000669   Thumb Code     2  stm32f1xx_hal_adc.o(i.HAL_ADC_ErrorCallback)
    HAL_ADC_Init                             0x0800066d   Thumb Code   272  stm32f1xx_hal_adc.o(i.HAL_ADC_Init)
    HAL_ADC_MspInit                          0x08000789   Thumb Code   120  stm32f1xx_hal_msp.o(i.HAL_ADC_MspInit)
    HAL_ADC_Start_DMA                        0x08000815   Thumb Code   246  stm32f1xx_hal_adc.o(i.HAL_ADC_Start_DMA)
    HAL_DMA_Abort                            0x08000921   Thumb Code    70  stm32f1xx_hal_dma.o(i.HAL_DMA_Abort)
    HAL_DMA_Abort_IT                         0x08000969   Thumb Code   148  stm32f1xx_hal_dma.o(i.HAL_DMA_Abort_IT)
    HAL_DMA_IRQHandler                       0x08000a01   Thumb Code   316  stm32f1xx_hal_dma.o(i.HAL_DMA_IRQHandler)
    HAL_DMA_Init                             0x08000b55   Thumb Code    84  stm32f1xx_hal_dma.o(i.HAL_DMA_Init)
    HAL_DMA_Start_IT                         0x08000bb1   Thumb Code   112  stm32f1xx_hal_dma.o(i.HAL_DMA_Start_IT)
    HAL_Delay                                0x08000c21   Thumb Code    32  stm32f1xx_hal.o(i.HAL_Delay)
    HAL_GPIO_EXTI_Callback                   0x08000c45   Thumb Code    38  main.o(i.HAL_GPIO_EXTI_Callback)
    HAL_GPIO_EXTI_IRQHandler                 0x08000c75   Thumb Code    18  stm32f1xx_hal_gpio.o(i.HAL_GPIO_EXTI_IRQHandler)
    HAL_GPIO_Init                            0x08000c8d   Thumb Code   446  stm32f1xx_hal_gpio.o(i.HAL_GPIO_Init)
    HAL_GPIO_TogglePin                       0x08000e6d   Thumb Code    16  stm32f1xx_hal_gpio.o(i.HAL_GPIO_TogglePin)
    HAL_GPIO_WritePin                        0x08000e7d   Thumb Code    10  stm32f1xx_hal_gpio.o(i.HAL_GPIO_WritePin)
    HAL_GetTick                              0x08000e89   Thumb Code     6  stm32f1xx_hal.o(i.HAL_GetTick)
    HAL_I2C_Init                             0x08000e95   Thumb Code   376  stm32f1xx_hal_i2c.o(i.HAL_I2C_Init)
    HAL_I2C_MspInit                          0x0800101d   Thumb Code    80  stm32f1xx_hal_msp.o(i.HAL_I2C_MspInit)
    HAL_IncTick                              0x08001079   Thumb Code    12  stm32f1xx_hal.o(i.HAL_IncTick)
    HAL_Init                                 0x08001089   Thumb Code    32  stm32f1xx_hal.o(i.HAL_Init)
    HAL_InitTick                             0x080010ad   Thumb Code   134  stm32f1xx_hal_timebase_tim.o(i.HAL_InitTick)
    HAL_MspInit                              0x08001145   Thumb Code    62  stm32f1xx_hal_msp.o(i.HAL_MspInit)
    HAL_NVIC_EnableIRQ                       0x0800118d   Thumb Code    26  stm32f1xx_hal_cortex.o(i.HAL_NVIC_EnableIRQ)
    HAL_NVIC_SetPriority                     0x080011a9   Thumb Code    60  stm32f1xx_hal_cortex.o(i.HAL_NVIC_SetPriority)
    HAL_NVIC_SetPriorityGrouping             0x080011e9   Thumb Code    26  stm32f1xx_hal_cortex.o(i.HAL_NVIC_SetPriorityGrouping)
    HAL_PWR_EnableBkUpAccess                 0x0800120d   Thumb Code     8  stm32f1xx_hal_pwr.o(i.HAL_PWR_EnableBkUpAccess)
    HAL_RCCEx_GetPeriphCLKFreq               0x08001219   Thumb Code   148  stm32f1xx_hal_rcc_ex.o(i.HAL_RCCEx_GetPeriphCLKFreq)
    HAL_RCCEx_PeriphCLKConfig                0x080012bd   Thumb Code   224  stm32f1xx_hal_rcc_ex.o(i.HAL_RCCEx_PeriphCLKConfig)
    HAL_RCC_ClockConfig                      0x080013a9   Thumb Code   280  stm32f1xx_hal_rcc.o(i.HAL_RCC_ClockConfig)
    HAL_RCC_GetClockConfig                   0x080014d5   Thumb Code    54  stm32f1xx_hal_rcc.o(i.HAL_RCC_GetClockConfig)
    HAL_RCC_GetPCLK1Freq                     0x08001515   Thumb Code    20  stm32f1xx_hal_rcc.o(i.HAL_RCC_GetPCLK1Freq)
    HAL_RCC_GetPCLK2Freq                     0x08001535   Thumb Code    20  stm32f1xx_hal_rcc.o(i.HAL_RCC_GetPCLK2Freq)
    HAL_RCC_GetSysClockFreq                  0x08001555   Thumb Code    58  stm32f1xx_hal_rcc.o(i.HAL_RCC_GetSysClockFreq)
    HAL_RCC_OscConfig                        0x080015a1   Thumb Code   778  stm32f1xx_hal_rcc.o(i.HAL_RCC_OscConfig)
    HAL_RTC_GetDate                          0x080018c1   Thumb Code    78  stm32f1xx_hal_rtc.o(i.HAL_RTC_GetDate)
    HAL_RTC_GetTime                          0x0800190f   Thumb Code   216  stm32f1xx_hal_rtc.o(i.HAL_RTC_GetTime)
    HAL_RTC_Init                             0x080019e9   Thumb Code   144  stm32f1xx_hal_rtc.o(i.HAL_RTC_Init)
    HAL_RTC_MspInit                          0x08001a7d   Thumb Code    40  stm32f1xx_hal_msp.o(i.HAL_RTC_MspInit)
    HAL_RTC_SetDate                          0x08001ab1   Thumb Code   192  stm32f1xx_hal_rtc.o(i.HAL_RTC_SetDate)
    HAL_RTC_SetTime                          0x08001b75   Thumb Code   168  stm32f1xx_hal_rtc.o(i.HAL_RTC_SetTime)
    HAL_RTC_WaitForSynchro                   0x08001c21   Thumb Code    58  stm32f1xx_hal_rtc.o(i.HAL_RTC_WaitForSynchro)
    HAL_SPI_GetState                         0x08001c5b   Thumb Code     6  stm32f1xx_hal_spi.o(i.HAL_SPI_GetState)
    HAL_SPI_Init                             0x08001c61   Thumb Code   178  stm32f1xx_hal_spi.o(i.HAL_SPI_Init)
    HAL_SPI_MspInit                          0x08001d15   Thumb Code    98  stm32f1xx_hal_msp.o(i.HAL_SPI_MspInit)
    HAL_SPI_Receive                          0x08001d85   Thumb Code   340  stm32f1xx_hal_spi.o(i.HAL_SPI_Receive)
    HAL_SPI_Transmit                         0x08001ed9   Thumb Code   358  stm32f1xx_hal_spi.o(i.HAL_SPI_Transmit)
    HAL_SPI_TransmitReceive                  0x0800203f   Thumb Code   496  stm32f1xx_hal_spi.o(i.HAL_SPI_TransmitReceive)
    HAL_TIMEx_BreakCallback                  0x0800222f   Thumb Code     2  stm32f1xx_hal_tim_ex.o(i.HAL_TIMEx_BreakCallback)
    HAL_TIMEx_CommutCallback                 0x08002231   Thumb Code     2  stm32f1xx_hal_tim_ex.o(i.HAL_TIMEx_CommutCallback)
    HAL_TIMEx_MasterConfigSynchronization    0x08002235   Thumb Code    92  stm32f1xx_hal_tim_ex.o(i.HAL_TIMEx_MasterConfigSynchronization)
    HAL_TIM_Base_Init                        0x0800229d   Thumb Code    90  stm32f1xx_hal_tim.o(i.HAL_TIM_Base_Init)
    HAL_TIM_Base_MspInit                     0x080022f9   Thumb Code    50  stm32f1xx_hal_msp.o(i.HAL_TIM_Base_MspInit)
    HAL_TIM_Base_Start_IT                    0x08002335   Thumb Code    76  stm32f1xx_hal_tim.o(i.HAL_TIM_Base_Start_IT)
    HAL_TIM_ConfigClockSource                0x0800238d   Thumb Code   220  stm32f1xx_hal_tim.o(i.HAL_TIM_ConfigClockSource)
    HAL_TIM_IC_CaptureCallback               0x08002469   Thumb Code     2  stm32f1xx_hal_tim.o(i.HAL_TIM_IC_CaptureCallback)
    HAL_TIM_IRQHandler                       0x0800246b   Thumb Code   304  stm32f1xx_hal_tim.o(i.HAL_TIM_IRQHandler)
    HAL_TIM_OC_DelayElapsedCallback          0x0800259b   Thumb Code     2  stm32f1xx_hal_tim.o(i.HAL_TIM_OC_DelayElapsedCallback)
    HAL_TIM_PWM_PulseFinishedCallback        0x0800259d   Thumb Code     2  stm32f1xx_hal_tim.o(i.HAL_TIM_PWM_PulseFinishedCallback)
    HAL_TIM_PeriodElapsedCallback            0x0800259f   Thumb Code    14  main.o(i.HAL_TIM_PeriodElapsedCallback)
    HAL_TIM_TriggerCallback                  0x080025ad   Thumb Code     2  stm32f1xx_hal_tim.o(i.HAL_TIM_TriggerCallback)
    HAL_UARTEx_RxEventCallback               0x080025af   Thumb Code     2  stm32f1xx_hal_uart.o(i.HAL_UARTEx_RxEventCallback)
    HAL_UART_ErrorCallback                   0x080025b1   Thumb Code     2  stm32f1xx_hal_uart.o(i.HAL_UART_ErrorCallback)
    HAL_UART_IRQHandler                      0x080025b5   Thumb Code   616  stm32f1xx_hal_uart.o(i.HAL_UART_IRQHandler)
    HAL_UART_Init                            0x08002821   Thumb Code   100  stm32f1xx_hal_uart.o(i.HAL_UART_Init)
    HAL_UART_MspInit                         0x08002885   Thumb Code   290  stm32f1xx_hal_msp.o(i.HAL_UART_MspInit)
    HAL_UART_RxCpltCallback                  0x080029c9   Thumb Code     2  stm32f1xx_hal_uart.o(i.HAL_UART_RxCpltCallback)
    HAL_UART_TxCpltCallback                  0x080029cb   Thumb Code     2  stm32f1xx_hal_uart.o(i.HAL_UART_TxCpltCallback)
    HC595_Init                               0x080029cd   Thumb Code    12  7seg.o(i.HC595_Init)
    HardFault_Handler                        0x080029dd   Thumb Code     2  stm32f1xx_it.o(i.HardFault_Handler)
    LoRa_BurstWrite                          0x080029df   Thumb Code    86  lora.o(i.LoRa_BurstWrite)
    LoRa_getRSSI                             0x08002a35   Thumb Code    12  lora.o(i.LoRa_getRSSI)
    LoRa_gotoMode                            0x08002a41   Thumb Code   102  lora.o(i.LoRa_gotoMode)
    LoRa_init                                0x08002aa7   Thumb Code   228  lora.o(i.LoRa_init)
    LoRa_read                                0x08002b8b   Thumb Code    30  lora.o(i.LoRa_read)
    LoRa_readReg                             0x08002ba9   Thumb Code    88  lora.o(i.LoRa_readReg)
    LoRa_receive                             0x08002c01   Thumb Code   124  lora.o(i.LoRa_receive)
    LoRa_setAutoLDO                          0x08002c7d   Thumb Code    70  lora.o(i.LoRa_setAutoLDO)
    LoRa_setFrequency                        0x08002cc9   Thumb Code    64  lora.o(i.LoRa_setFrequency)
    LoRa_setLowDaraRateOptimization          0x08002d09   Thumb Code    42  lora.o(i.LoRa_setLowDaraRateOptimization)
    LoRa_setOCP                              0x08002d33   Thumb Code    62  lora.o(i.LoRa_setOCP)
    LoRa_setPower                            0x08002d71   Thumb Code    20  lora.o(i.LoRa_setPower)
    LoRa_setSpreadingFactor                  0x08002d85   Thumb Code    64  lora.o(i.LoRa_setSpreadingFactor)
    LoRa_setTOMsb_setCRCon                   0x08002dc5   Thumb Code    32  lora.o(i.LoRa_setTOMsb_setCRCon)
    LoRa_startReceiving                      0x08002de5   Thumb Code     6  lora.o(i.LoRa_startReceiving)
    LoRa_transmit                            0x08002deb   Thumb Code   132  lora.o(i.LoRa_transmit)
    LoRa_write                               0x08002e6f   Thumb Code    30  lora.o(i.LoRa_write)
    LoRa_writeReg                            0x08002e8d   Thumb Code    88  lora.o(i.LoRa_writeReg)
    MemManage_Handler                        0x080031b1   Thumb Code     2  stm32f1xx_it.o(i.MemManage_Handler)
    NMI_Handler                              0x080031b3   Thumb Code     2  stm32f1xx_it.o(i.NMI_Handler)
    StartDefaultTask                         0x08003515   Thumb Code     8  main.o(i.StartDefaultTask)
    SysTick_Handler                          0x0800351d   Thumb Code    38  port.o(i.SysTick_Handler)
    SystemClock_Config                       0x08003549   Thumb Code   134  main.o(i.SystemClock_Config)
    SystemInit                               0x080035cf   Thumb Code     2  system_stm32f1xx.o(i.SystemInit)
    TIM1_UP_IRQHandler                       0x080035d1   Thumb Code     6  stm32f1xx_it.o(i.TIM1_UP_IRQHandler)
    TIM2_IRQHandler                          0x080035dd   Thumb Code     6  stm32f1xx_it.o(i.TIM2_IRQHandler)
    TIM_Base_SetConfig                       0x080035e9   Thumb Code   108  stm32f1xx_hal_tim.o(i.TIM_Base_SetConfig)
    TIM_ETR_SetConfig                        0x08003661   Thumb Code    20  stm32f1xx_hal_tim.o(i.TIM_ETR_SetConfig)
    TaskAdc                                  0x080036cd   Thumb Code   102  adc.o(i.TaskAdc)
    TaskButton                               0x0800373d   Thumb Code    56  user_task.o(i.TaskButton)
    TaskHienThi                              0x0800377d   Thumb Code    64  7seg.o(i.TaskHienThi)
    TaskLed                                  0x080037c1   Thumb Code    42  user_task.o(i.TaskLed)
    TaskNode                                 0x080037f1   Thumb Code   278  user_task.o(i.TaskNode)
    TaskRTC                                  0x08003925   Thumb Code    82  user_task.o(i.TaskRTC)
    USART1_IRQHandler                        0x08003b61   Thumb Code     6  stm32f1xx_it.o(i.USART1_IRQHandler)
    USART3_IRQHandler                        0x08003b6d   Thumb Code     6  stm32f1xx_it.o(i.USART3_IRQHandler)
    UsageFault_Handler                       0x08003b79   Thumb Code     2  stm32f1xx_it.o(i.UsageFault_Handler)
    __mathlib_flt_divzero                    0x08003b9b   Thumb Code    10  funder.o(i.__mathlib_flt_divzero)
    __mathlib_flt_infnan                     0x08003ba5   Thumb Code     6  funder.o(i.__mathlib_flt_infnan)
    __mathlib_flt_invalid                    0x08003bab   Thumb Code     8  funder.o(i.__mathlib_flt_invalid)
    adc_to_temp                              0x08003bb5   Thumb Code    82  adc.o(i.adc_to_temp)
    crc16_ccitt                              0x08003c21   Thumb Code    60  user_task.o(i.crc16_ccitt)
    giai_ma_quet                             0x08003c5d   Thumb Code    94  7seg.o(i.giai_ma_quet)
    giai_ma_quet_2                           0x08003cc9   Thumb Code   124  7seg.o(i.giai_ma_quet_2)
    __mathlib_logf                           0x08003d55   Thumb Code     0  logf.o(i.logf)
    logf                                     0x08003d55   Thumb Code   362  logf.o(i.logf)
    lora_init_config                         0x08003ee5   Thumb Code    90  user_task.o(i.lora_init_config)
    main                                     0x08003f51   Thumb Code   376  main.o(i.main)
    newLoRa                                  0x08004155   Thumb Code    56  lora.o(i.newLoRa)
    osDelay                                  0x0800418d   Thumb Code    14  cmsis_os.o(i.osDelay)
    osKernelStart                            0x0800419b   Thumb Code    10  cmsis_os.o(i.osKernelStart)
    osThreadCreate                           0x080041a5   Thumb Code    84  cmsis_os.o(i.osThreadCreate)
    pvPortMalloc                             0x08004559   Thumb Code   216  heap_4.o(i.pvPortMalloc)
    pxPortInitialiseStack                    0x08004635   Thumb Code    32  port.o(i.pxPortInitialiseStack)
    uxListRemove                             0x08004659   Thumb Code    38  list.o(i.uxListRemove)
    vApplicationGetIdleTaskMemory            0x08004681   Thumb Code    16  freertos.o(i.vApplicationGetIdleTaskMemory)
    vListInitialise                          0x08004695   Thumb Code    22  list.o(i.vListInitialise)
    vListInitialiseItem                      0x080046ab   Thumb Code     6  list.o(i.vListInitialiseItem)
    vListInsert                              0x080046b1   Thumb Code    48  list.o(i.vListInsert)
    vListInsertEnd                           0x080046e1   Thumb Code    24  list.o(i.vListInsertEnd)
    vPortEnterCritical                       0x080046f9   Thumb Code    54  port.o(i.vPortEnterCritical)
    vPortExitCritical                        0x08004739   Thumb Code    34  port.o(i.vPortExitCritical)
    vPortFree                                0x08004761   Thumb Code    94  heap_4.o(i.vPortFree)
    vPortSetupTimerInterrupt                 0x080047c5   Thumb Code    32  port.o(i.vPortSetupTimerInterrupt)
    vPortValidateInterruptPriority           0x080047e9   Thumb Code    74  port.o(i.vPortValidateInterruptPriority)
    vTaskDelay                               0x0800483d   Thumb Code    66  tasks.o(i.vTaskDelay)
    vTaskDelayUntil                          0x08004889   Thumb Code   132  tasks.o(i.vTaskDelayUntil)
    vTaskStartScheduler                      0x08004915   Thumb Code    90  tasks.o(i.vTaskStartScheduler)
    vTaskSuspendAll                          0x08004981   Thumb Code    10  tasks.o(i.vTaskSuspendAll)
    vTaskSwitchContext                       0x08004991   Thumb Code    82  tasks.o(i.vTaskSwitchContext)
    xPortStartScheduler                      0x080049ed   Thumb Code   154  port.o(i.xPortStartScheduler)
    xQueueGenericCreate                      0x08004a95   Thumb Code    66  queue.o(i.xQueueGenericCreate)
    xQueueGenericReset                       0x08004ad9   Thumb Code   132  queue.o(i.xQueueGenericReset)
    xQueueGiveFromISR                        0x08004b61   Thumb Code   156  queue.o(i.xQueueGiveFromISR)
    xTaskCreate                              0x08004bfd   Thumb Code    90  tasks.o(i.xTaskCreate)
    xTaskCreateStatic                        0x08004c57   Thumb Code    86  tasks.o(i.xTaskCreateStatic)
    xTaskGetTickCount                        0x08004cad   Thumb Code     6  tasks.o(i.xTaskGetTickCount)
    xTaskIncrementTick                       0x08004cb9   Thumb Code   194  tasks.o(i.xTaskIncrementTick)
    xTaskRemoveFromEventList                 0x08004d85   Thumb Code   108  tasks.o(i.xTaskRemoveFromEventList)
    xTaskResumeAll                           0x08004df9   Thumb Code   182  tasks.o(i.xTaskResumeAll)
    xuat_1_byte                              0x08004ebd   Thumb Code    70  7seg.o(i.xuat_1_byte)
    xuat_8led_7doan                          0x08004f09   Thumb Code    60  7seg.o(i.xuat_8led_7doan)
    __aeabi_ddiv                             0x08004f4d   Thumb Code     0  ddiv.o(x$fpl$ddiv)
    _ddiv                                    0x08004f4d   Thumb Code   552  ddiv.o(x$fpl$ddiv)
    __aeabi_d2iz                             0x080051fd   Thumb Code     0  dfix.o(x$fpl$dfix)
    _dfix                                    0x080051fd   Thumb Code    94  dfix.o(x$fpl$dfix)
    __aeabi_i2d                              0x0800525b   Thumb Code     0  dflt_clz.o(x$fpl$dflt)
    _dflt                                    0x0800525b   Thumb Code    46  dflt_clz.o(x$fpl$dflt)
    __fpl_dnaninf                            0x08005289   Thumb Code   156  dnaninf.o(x$fpl$dnaninf)
    __fpl_dretinf                            0x08005325   Thumb Code    12  dretinf.o(x$fpl$dretinf)
    __aeabi_fadd                             0x08005331   Thumb Code     0  faddsub_clz.o(x$fpl$fadd)
    _fadd                                    0x08005331   Thumb Code   196  faddsub_clz.o(x$fpl$fadd)
    __fpl_fcheck_NaN1                        0x080053f5   Thumb Code     6  fcheck1.o(x$fpl$fcheck1)
    __aeabi_fdiv                             0x08005401   Thumb Code     0  fdiv.o(x$fpl$fdiv)
    _fdiv                                    0x08005401   Thumb Code   384  fdiv.o(x$fpl$fdiv)
    __aeabi_i2f                              0x08005585   Thumb Code     0  fflt_clz.o(x$fpl$fflt)
    _fflt                                    0x08005585   Thumb Code    48  fflt_clz.o(x$fpl$fflt)
    __aeabi_ui2f                             0x080055b5   Thumb Code     0  fflt_clz.o(x$fpl$ffltu)
    _ffltu                                   0x080055b5   Thumb Code    38  fflt_clz.o(x$fpl$ffltu)
    __aeabi_fmul                             0x080055dd   Thumb Code     0  fmul.o(x$fpl$fmul)
    _fmul                                    0x080055dd   Thumb Code   258  fmul.o(x$fpl$fmul)
    __fpl_fnaninf                            0x080056df   Thumb Code   140  fnaninf.o(x$fpl$fnaninf)
    __fpl_fretinf                            0x0800576b   Thumb Code    10  fretinf.o(x$fpl$fretinf)
    __aeabi_fsub                             0x08005775   Thumb Code     0  faddsub_clz.o(x$fpl$fsub)
    _fsub                                    0x08005775   Thumb Code   234  faddsub_clz.o(x$fpl$fsub)
    __fpl_return_NaN                         0x0800585f   Thumb Code   100  retnan.o(x$fpl$retnan)
    __ARM_scalbnf                            0x080058c3   Thumb Code    76  scalbnf.o(x$fpl$scalbnf)
    __fpl_cmpreturn                          0x0800590f   Thumb Code    48  trapv.o(x$fpl$trapveneer)
    __I$use$fp                               0x0800593e   Number         0  usenofp.o(x$fpl$usenofp)
    AHBPrescTable                            0x080059ac   Data          16  system_stm32f1xx.o(.constdata)
    APBPrescTable                            0x080059bc   Data           8  system_stm32f1xx.o(.constdata)
    Region$$Table$$Base                      0x08005a64   Number         0  anon$$obj.o(Region$$Table)
    Region$$Table$$Limit                     0x08005a84   Number         0  anon$$obj.o(Region$$Table)
    counter                                  0x20000000   Data           1  user_task.o(.data)
    rssi                                     0x20000004   Data           4  user_task.o(.data)
    lora_semaphore                           0x20000008   Data           4  user_task.o(.data)
    rtc_time                                 0x2000000c   Data           8  user_task.o(.data)
    hc595_handle                             0x20000015   Data           3  7seg.o(.data)
    lora_flag                                0x20000020   Data           1  main.o(.data)
    button1_flag                             0x20000021   Data           1  main.o(.data)
    defaultTaskHandle                        0x20000024   Data           4  main.o(.data)
    button1_semaphore                        0x20000028   Data           4  main.o(.data)
    sTime                                    0x2000002c   Data           3  main.o(.data)
    sDate                                    0x2000002f   Data           4  main.o(.data)
    uwTickFreq                               0x20000034   Data           1  stm32f1xx_hal.o(.data)
    uwTickPrio                               0x20000038   Data           4  stm32f1xx_hal.o(.data)
    uwTick                                   0x2000003c   Data           4  stm32f1xx_hal.o(.data)
    SystemCoreClock                          0x20000040   Data           4  system_stm32f1xx.o(.data)
    pxCurrentTCB                             0x20000044   Data           4  tasks.o(.data)
    myLoRa                                   0x200000ac   Data          44  user_task.o(.bss)
    adc_value                                0x200000f8   Data          16  adc.o(.bss)
    hadc1                                    0x20000108   Data          48  main.o(.bss)
    hi2c1                                    0x20000138   Data          84  main.o(.bss)
    hrtc                                     0x2000018c   Data          20  main.o(.bss)
    hspi1                                    0x200001a0   Data          88  main.o(.bss)
    htim1                                    0x200001f8   Data          72  main.o(.bss)
    huart1                                   0x20000240   Data          72  main.o(.bss)
    huart3                                   0x20000288   Data          72  main.o(.bss)
    hdma_adc1                                0x200002d0   Data          68  main.o(.bss)
    hdma_usart1_tx                           0x20000314   Data          68  main.o(.bss)
    hdma_usart3_tx                           0x20000358   Data          68  main.o(.bss)
    htim2                                    0x200005f0   Data          72  stm32f1xx_hal_timebase_tim.o(.bss)
    __libspace_start                         0x20001ee0   Data          96  libspace.o(.bss)
    __temporary_stack_top$libspace           0x20001f40   Data           0  libspace.o(.bss)



==============================================================================

Memory Map of the image

  Image Entry point : 0x080000ed

  Load Region LR_IROM1 (Base: 0x08000000, Size: 0x00005b30, Max: 0x00010000, ABSOLUTE)

    Execution Region ER_IROM1 (Exec base: 0x08000000, Load base: 0x08000000, Size: 0x00005a84, Max: 0x00010000, ABSOLUTE)

    Exec Addr    Load Addr    Size         Type   Attr      Idx    E Section Name        Object

    0x08000000   0x08000000   0x000000ec   Data   RO            3    RESET               startup_stm32f103xb.o
    0x080000ec   0x080000ec   0x00000008   Code   RO         5985  * !!!main             c_w.l(__main.o)
    0x080000f4   0x080000f4   0x00000034   Code   RO         6282    !!!scatter          c_w.l(__scatter.o)
    0x08000128   0x08000128   0x0000001a   Code   RO         6284    !!handler_copy      c_w.l(__scatter_copy.o)
    0x08000142   0x08000142   0x00000002   PAD
    0x08000144   0x08000144   0x0000001c   Code   RO         6286    !!handler_zi        c_w.l(__scatter_zi.o)
    0x08000160   0x08000160   0x00000002   Code   RO         6204    .ARM.Collect$$libinit$$00000000  c_w.l(libinit.o)
    0x08000162   0x08000162   0x00000000   Code   RO         6048    .ARM.Collect$$libinit$$00000002  c_w.l(libinit2.o)
    0x08000162   0x08000162   0x00000000   Code   RO         6050    .ARM.Collect$$libinit$$00000004  c_w.l(libinit2.o)
    0x08000162   0x08000162   0x00000000   Code   RO         6053    .ARM.Collect$$libinit$$0000000A  c_w.l(libinit2.o)
    0x08000162   0x08000162   0x00000000   Code   RO         6055    .ARM.Collect$$libinit$$0000000C  c_w.l(libinit2.o)
    0x08000162   0x08000162   0x00000000   Code   RO         6057    .ARM.Collect$$libinit$$0000000E  c_w.l(libinit2.o)
    0x08000162   0x08000162   0x00000000   Code   RO         6060    .ARM.Collect$$libinit$$00000011  c_w.l(libinit2.o)
    0x08000162   0x08000162   0x00000000   Code   RO         6062    .ARM.Collect$$libinit$$00000013  c_w.l(libinit2.o)
    0x08000162   0x08000162   0x00000000   Code   RO         6064    .ARM.Collect$$libinit$$00000015  c_w.l(libinit2.o)
    0x08000162   0x08000162   0x00000000   Code   RO         6066    .ARM.Collect$$libinit$$00000017  c_w.l(libinit2.o)
    0x08000162   0x08000162   0x00000000   Code   RO         6068    .ARM.Collect$$libinit$$00000019  c_w.l(libinit2.o)
    0x08000162   0x08000162   0x00000000   Code   RO         6070    .ARM.Collect$$libinit$$0000001B  c_w.l(libinit2.o)
    0x08000162   0x08000162   0x00000000   Code   RO         6072    .ARM.Collect$$libinit$$0000001D  c_w.l(libinit2.o)
    0x08000162   0x08000162   0x00000000   Code   RO         6074    .ARM.Collect$$libinit$$0000001F  c_w.l(libinit2.o)
    0x08000162   0x08000162   0x00000000   Code   RO         6076    .ARM.Collect$$libinit$$00000021  c_w.l(libinit2.o)
    0x08000162   0x08000162   0x00000000   Code   RO         6078    .ARM.Collect$$libinit$$00000023  c_w.l(libinit2.o)
    0x08000162   0x08000162   0x00000000   Code   RO         6080    .ARM.Collect$$libinit$$00000025  c_w.l(libinit2.o)
    0x08000162   0x08000162   0x00000000   Code   RO         6084    .ARM.Collect$$libinit$$0000002C  c_w.l(libinit2.o)
    0x08000162   0x08000162   0x00000000   Code   RO         6086    .ARM.Collect$$libinit$$0000002E  c_w.l(libinit2.o)
    0x08000162   0x08000162   0x00000000   Code   RO         6088    .ARM.Collect$$libinit$$00000030  c_w.l(libinit2.o)
    0x08000162   0x08000162   0x00000000   Code   RO         6090    .ARM.Collect$$libinit$$00000032  c_w.l(libinit2.o)
    0x08000162   0x08000162   0x00000002   Code   RO         6091    .ARM.Collect$$libinit$$00000033  c_w.l(libinit2.o)
    0x08000164   0x08000164   0x00000002   Code   RO         6243    .ARM.Collect$$libshutdown$$00000000  c_w.l(libshutdown.o)
    0x08000166   0x08000166   0x00000000   Code   RO         6249    .ARM.Collect$$libshutdown$$00000002  c_w.l(libshutdown2.o)
    0x08000166   0x08000166   0x00000000   Code   RO         6251    .ARM.Collect$$libshutdown$$00000004  c_w.l(libshutdown2.o)
    0x08000166   0x08000166   0x00000000   Code   RO         6254    .ARM.Collect$$libshutdown$$00000007  c_w.l(libshutdown2.o)
    0x08000166   0x08000166   0x00000000   Code   RO         6257    .ARM.Collect$$libshutdown$$0000000A  c_w.l(libshutdown2.o)
    0x08000166   0x08000166   0x00000000   Code   RO         6259    .ARM.Collect$$libshutdown$$0000000C  c_w.l(libshutdown2.o)
    0x08000166   0x08000166   0x00000000   Code   RO         6262    .ARM.Collect$$libshutdown$$0000000F  c_w.l(libshutdown2.o)
    0x08000166   0x08000166   0x00000002   Code   RO         6263    .ARM.Collect$$libshutdown$$00000010  c_w.l(libshutdown2.o)
    0x08000168   0x08000168   0x00000000   Code   RO         6033    .ARM.Collect$$rtentry$$00000000  c_w.l(__rtentry.o)
    0x08000168   0x08000168   0x00000000   Code   RO         6118    .ARM.Collect$$rtentry$$00000002  c_w.l(__rtentry2.o)
    0x08000168   0x08000168   0x00000006   Code   RO         6130    .ARM.Collect$$rtentry$$00000004  c_w.l(__rtentry4.o)
    0x0800016e   0x0800016e   0x00000000   Code   RO         6120    .ARM.Collect$$rtentry$$00000009  c_w.l(__rtentry2.o)
    0x0800016e   0x0800016e   0x00000004   Code   RO         6121    .ARM.Collect$$rtentry$$0000000A  c_w.l(__rtentry2.o)
    0x08000172   0x08000172   0x00000000   Code   RO         6123    .ARM.Collect$$rtentry$$0000000C  c_w.l(__rtentry2.o)
    0x08000172   0x08000172   0x00000008   Code   RO         6124    .ARM.Collect$$rtentry$$0000000D  c_w.l(__rtentry2.o)
    0x0800017a   0x0800017a   0x00000002   Code   RO         6209    .ARM.Collect$$rtexit$$00000000  c_w.l(rtexit.o)
    0x0800017c   0x0800017c   0x00000000   Code   RO         6223    .ARM.Collect$$rtexit$$00000002  c_w.l(rtexit2.o)
    0x0800017c   0x0800017c   0x00000004   Code   RO         6224    .ARM.Collect$$rtexit$$00000003  c_w.l(rtexit2.o)
    0x08000180   0x08000180   0x00000006   Code   RO         6225    .ARM.Collect$$rtexit$$00000004  c_w.l(rtexit2.o)
    0x08000186   0x08000186   0x00000002   PAD
    0x08000188   0x08000188   0x00000096   Code   RO         5682    .emb_text           port.o
    0x0800021e   0x0800021e   0x00000002   PAD
    0x08000220   0x08000220   0x00000040   Code   RO            4    .text               startup_stm32f103xb.o
    0x08000260   0x08000260   0x00000064   Code   RO         5977    .text               c_w.l(rt_memcpy_w.o)
    0x080002c4   0x080002c4   0x0000004e   Code   RO         5981    .text               c_w.l(rt_memclr_w.o)
    0x08000312   0x08000312   0x00000006   Code   RO         5983    .text               c_w.l(heapauxi.o)
    0x08000318   0x08000318   0x00000016   Code   RO         6034    .text               c_w.l(_rserrno.o)
    0x0800032e   0x0800032e   0x00000002   PAD
    0x08000330   0x08000330   0x00000008   Code   RO         6140    .text               c_w.l(rt_errno_addr_intlibspace.o)
    0x08000338   0x08000338   0x00000008   Code   RO         6186    .text               c_w.l(libspace.o)
    0x08000340   0x08000340   0x0000004a   Code   RO         6189    .text               c_w.l(sys_stackheap_outer.o)
    0x0800038a   0x0800038a   0x00000012   Code   RO         6191    .text               c_w.l(exit.o)
    0x0800039c   0x0800039c   0x00000002   Code   RO         6219    .text               c_w.l(use_no_semi.o)
    0x0800039e   0x0800039e   0x00000000   Code   RO         6221    .text               c_w.l(indicate_semi.o)
    0x0800039e   0x0800039e   0x00000002   PAD
    0x080003a0   0x080003a0   0x0000000c   Code   RO         6235    .text               c_w.l(sys_exit.o)
    0x080003ac   0x080003ac   0x00000056   Code   RO          801    i.ADC_ConversionStop_Disable  stm32f1xx_hal_adc.o
    0x08000402   0x08000402   0x0000004e   Code   RO          802    i.ADC_DMAConvCplt   stm32f1xx_hal_adc.o
    0x08000450   0x08000450   0x0000001a   Code   RO          803    i.ADC_DMAError      stm32f1xx_hal_adc.o
    0x0800046a   0x0800046a   0x0000000a   Code   RO          804    i.ADC_DMAHalfConvCplt  stm32f1xx_hal_adc.o
    0x08000474   0x08000474   0x0000007c   Code   RO          805    i.ADC_Enable        stm32f1xx_hal_adc.o
    0x080004f0   0x080004f0   0x00000002   Code   RO          511    i.BusFault_Handler  stm32f1xx_it.o
    0x080004f2   0x080004f2   0x00000002   PAD
    0x080004f4   0x080004f4   0x0000000c   Code   RO          512    i.DMA1_Channel1_IRQHandler  stm32f1xx_it.o
    0x08000500   0x08000500   0x0000000c   Code   RO          513    i.DMA1_Channel2_IRQHandler  stm32f1xx_it.o
    0x0800050c   0x0800050c   0x0000000c   Code   RO          514    i.DMA1_Channel4_IRQHandler  stm32f1xx_it.o
    0x08000518   0x08000518   0x0000002a   Code   RO         1457    i.DMA_SetConfig     stm32f1xx_hal_dma.o
    0x08000542   0x08000542   0x00000002   Code   RO          515    i.DebugMon_Handler  stm32f1xx_it.o
    0x08000544   0x08000544   0x00000006   Code   RO          516    i.EXTI3_IRQHandler  stm32f1xx_it.o
    0x0800054a   0x0800054a   0x00000006   Code   RO          517    i.EXTI4_IRQHandler  stm32f1xx_it.o
    0x08000550   0x08000550   0x00000014   Code   RO          518    i.EXTI9_5_IRQHandler  stm32f1xx_it.o
    0x08000564   0x08000564   0x00000004   Code   RO          381    i.Error_Handler     main.o
    0x08000568   0x08000568   0x000000fc   Code   RO          807    i.HAL_ADC_ConfigChannel  stm32f1xx_hal_adc.o
    0x08000664   0x08000664   0x00000002   Code   RO          808    i.HAL_ADC_ConvCpltCallback  stm32f1xx_hal_adc.o
    0x08000666   0x08000666   0x00000002   Code   RO          809    i.HAL_ADC_ConvHalfCpltCallback  stm32f1xx_hal_adc.o
    0x08000668   0x08000668   0x00000002   Code   RO          811    i.HAL_ADC_ErrorCallback  stm32f1xx_hal_adc.o
    0x0800066a   0x0800066a   0x00000002   PAD
    0x0800066c   0x0800066c   0x0000011c   Code   RO          816    i.HAL_ADC_Init      stm32f1xx_hal_adc.o
    0x08000788   0x08000788   0x0000008c   Code   RO          630    i.HAL_ADC_MspInit   stm32f1xx_hal_msp.o
    0x08000814   0x08000814   0x0000010c   Code   RO          823    i.HAL_ADC_Start_DMA  stm32f1xx_hal_adc.o
    0x08000920   0x08000920   0x00000046   Code   RO         1458    i.HAL_DMA_Abort     stm32f1xx_hal_dma.o
    0x08000966   0x08000966   0x00000002   PAD
    0x08000968   0x08000968   0x00000098   Code   RO         1459    i.HAL_DMA_Abort_IT  stm32f1xx_hal_dma.o
    0x08000a00   0x08000a00   0x00000154   Code   RO         1463    i.HAL_DMA_IRQHandler  stm32f1xx_hal_dma.o
    0x08000b54   0x08000b54   0x0000005c   Code   RO         1464    i.HAL_DMA_Init      stm32f1xx_hal_dma.o
    0x08000bb0   0x08000bb0   0x00000070   Code   RO         1468    i.HAL_DMA_Start_IT  stm32f1xx_hal_dma.o
    0x08000c20   0x08000c20   0x00000024   Code   RO         1084    i.HAL_Delay         stm32f1xx_hal.o
    0x08000c44   0x08000c44   0x00000030   Code   RO          382    i.HAL_GPIO_EXTI_Callback  main.o
    0x08000c74   0x08000c74   0x00000018   Code   RO         1393    i.HAL_GPIO_EXTI_IRQHandler  stm32f1xx_hal_gpio.o
    0x08000c8c   0x08000c8c   0x000001e0   Code   RO         1394    i.HAL_GPIO_Init     stm32f1xx_hal_gpio.o
    0x08000e6c   0x08000e6c   0x00000010   Code   RO         1397    i.HAL_GPIO_TogglePin  stm32f1xx_hal_gpio.o
    0x08000e7c   0x08000e7c   0x0000000a   Code   RO         1398    i.HAL_GPIO_WritePin  stm32f1xx_hal_gpio.o
    0x08000e86   0x08000e86   0x00000002   PAD
    0x08000e88   0x08000e88   0x0000000c   Code   RO         1088    i.HAL_GetTick       stm32f1xx_hal.o
    0x08000e94   0x08000e94   0x00000188   Code   RO         2065    i.HAL_I2C_Init      stm32f1xx_hal_i2c.o
    0x0800101c   0x0800101c   0x0000005c   Code   RO          632    i.HAL_I2C_MspInit   stm32f1xx_hal_msp.o
    0x08001078   0x08001078   0x00000010   Code   RO         1094    i.HAL_IncTick       stm32f1xx_hal.o
    0x08001088   0x08001088   0x00000024   Code   RO         1095    i.HAL_Init          stm32f1xx_hal.o
    0x080010ac   0x080010ac   0x00000098   Code   RO          726    i.HAL_InitTick      stm32f1xx_hal_timebase_tim.o
    0x08001144   0x08001144   0x00000048   Code   RO          633    i.HAL_MspInit       stm32f1xx_hal_msp.o
    0x0800118c   0x0800118c   0x0000001a   Code   RO         1554    i.HAL_NVIC_EnableIRQ  stm32f1xx_hal_cortex.o
    0x080011a6   0x080011a6   0x00000002   PAD
    0x080011a8   0x080011a8   0x00000040   Code   RO         1560    i.HAL_NVIC_SetPriority  stm32f1xx_hal_cortex.o
    0x080011e8   0x080011e8   0x00000024   Code   RO         1561    i.HAL_NVIC_SetPriorityGrouping  stm32f1xx_hal_cortex.o
    0x0800120c   0x0800120c   0x0000000c   Code   RO         1676    i.HAL_PWR_EnableBkUpAccess  stm32f1xx_hal_pwr.o
    0x08001218   0x08001218   0x000000a4   Code   RO         1355    i.HAL_RCCEx_GetPeriphCLKFreq  stm32f1xx_hal_rcc_ex.o
    0x080012bc   0x080012bc   0x000000ec   Code   RO         1356    i.HAL_RCCEx_PeriphCLKConfig  stm32f1xx_hal_rcc_ex.o
    0x080013a8   0x080013a8   0x0000012c   Code   RO         1252    i.HAL_RCC_ClockConfig  stm32f1xx_hal_rcc.o
    0x080014d4   0x080014d4   0x00000040   Code   RO         1256    i.HAL_RCC_GetClockConfig  stm32f1xx_hal_rcc.o
    0x08001514   0x08001514   0x00000020   Code   RO         1259    i.HAL_RCC_GetPCLK1Freq  stm32f1xx_hal_rcc.o
    0x08001534   0x08001534   0x00000020   Code   RO         1260    i.HAL_RCC_GetPCLK2Freq  stm32f1xx_hal_rcc.o
    0x08001554   0x08001554   0x0000004c   Code   RO         1261    i.HAL_RCC_GetSysClockFreq  stm32f1xx_hal_rcc.o
    0x080015a0   0x080015a0   0x00000320   Code   RO         1264    i.HAL_RCC_OscConfig  stm32f1xx_hal_rcc.o
    0x080018c0   0x080018c0   0x0000004e   Code   RO         2496    i.HAL_RTC_GetDate   stm32f1xx_hal_rtc.o
    0x0800190e   0x0800190e   0x000000d8   Code   RO         2498    i.HAL_RTC_GetTime   stm32f1xx_hal_rtc.o
    0x080019e6   0x080019e6   0x00000002   PAD
    0x080019e8   0x080019e8   0x00000094   Code   RO         2499    i.HAL_RTC_Init      stm32f1xx_hal_rtc.o
    0x08001a7c   0x08001a7c   0x00000034   Code   RO          635    i.HAL_RTC_MspInit   stm32f1xx_hal_msp.o
    0x08001ab0   0x08001ab0   0x000000c4   Code   RO         2505    i.HAL_RTC_SetDate   stm32f1xx_hal_rtc.o
    0x08001b74   0x08001b74   0x000000ac   Code   RO         2506    i.HAL_RTC_SetTime   stm32f1xx_hal_rtc.o
    0x08001c20   0x08001c20   0x0000003a   Code   RO         2507    i.HAL_RTC_WaitForSynchro  stm32f1xx_hal_rtc.o
    0x08001c5a   0x08001c5a   0x00000006   Code   RO         2772    i.HAL_SPI_GetState  stm32f1xx_hal_spi.o
    0x08001c60   0x08001c60   0x000000b2   Code   RO         2774    i.HAL_SPI_Init      stm32f1xx_hal_spi.o
    0x08001d12   0x08001d12   0x00000002   PAD
    0x08001d14   0x08001d14   0x00000070   Code   RO          637    i.HAL_SPI_MspInit   stm32f1xx_hal_msp.o
    0x08001d84   0x08001d84   0x00000154   Code   RO         2777    i.HAL_SPI_Receive   stm32f1xx_hal_spi.o
    0x08001ed8   0x08001ed8   0x00000166   Code   RO         2782    i.HAL_SPI_Transmit  stm32f1xx_hal_spi.o
    0x0800203e   0x0800203e   0x000001f0   Code   RO         2783    i.HAL_SPI_TransmitReceive  stm32f1xx_hal_spi.o
    0x0800222e   0x0800222e   0x00000002   Code   RO         3791    i.HAL_TIMEx_BreakCallback  stm32f1xx_hal_tim_ex.o
    0x08002230   0x08002230   0x00000002   Code   RO         3792    i.HAL_TIMEx_CommutCallback  stm32f1xx_hal_tim_ex.o
    0x08002232   0x08002232   0x00000002   PAD
    0x08002234   0x08002234   0x00000068   Code   RO         3810    i.HAL_TIMEx_MasterConfigSynchronization  stm32f1xx_hal_tim_ex.o
    0x0800229c   0x0800229c   0x0000005a   Code   RO         3087    i.HAL_TIM_Base_Init  stm32f1xx_hal_tim.o
    0x080022f6   0x080022f6   0x00000002   PAD
    0x080022f8   0x080022f8   0x0000003c   Code   RO          639    i.HAL_TIM_Base_MspInit  stm32f1xx_hal_msp.o
    0x08002334   0x08002334   0x00000058   Code   RO         3092    i.HAL_TIM_Base_Start_IT  stm32f1xx_hal_tim.o
    0x0800238c   0x0800238c   0x000000dc   Code   RO         3096    i.HAL_TIM_ConfigClockSource  stm32f1xx_hal_tim.o
    0x08002468   0x08002468   0x00000002   Code   RO         3121    i.HAL_TIM_IC_CaptureCallback  stm32f1xx_hal_tim.o
    0x0800246a   0x0800246a   0x00000130   Code   RO         3135    i.HAL_TIM_IRQHandler  stm32f1xx_hal_tim.o
    0x0800259a   0x0800259a   0x00000002   Code   RO         3138    i.HAL_TIM_OC_DelayElapsedCallback  stm32f1xx_hal_tim.o
    0x0800259c   0x0800259c   0x00000002   Code   RO         3165    i.HAL_TIM_PWM_PulseFinishedCallback  stm32f1xx_hal_tim.o
    0x0800259e   0x0800259e   0x0000000e   Code   RO          383    i.HAL_TIM_PeriodElapsedCallback  main.o
    0x080025ac   0x080025ac   0x00000002   Code   RO         3178    i.HAL_TIM_TriggerCallback  stm32f1xx_hal_tim.o
    0x080025ae   0x080025ae   0x00000002   Code   RO         4070    i.HAL_UARTEx_RxEventCallback  stm32f1xx_hal_uart.o
    0x080025b0   0x080025b0   0x00000002   Code   RO         4084    i.HAL_UART_ErrorCallback  stm32f1xx_hal_uart.o
    0x080025b2   0x080025b2   0x00000002   PAD
    0x080025b4   0x080025b4   0x0000026c   Code   RO         4087    i.HAL_UART_IRQHandler  stm32f1xx_hal_uart.o
    0x08002820   0x08002820   0x00000064   Code   RO         4088    i.HAL_UART_Init     stm32f1xx_hal_uart.o
    0x08002884   0x08002884   0x00000144   Code   RO          641    i.HAL_UART_MspInit  stm32f1xx_hal_msp.o
    0x080029c8   0x080029c8   0x00000002   Code   RO         4094    i.HAL_UART_RxCpltCallback  stm32f1xx_hal_uart.o
    0x080029ca   0x080029ca   0x00000002   Code   RO         4099    i.HAL_UART_TxCpltCallback  stm32f1xx_hal_uart.o
    0x080029cc   0x080029cc   0x00000010   Code   RO          320    i.HC595_Init        7seg.o
    0x080029dc   0x080029dc   0x00000002   Code   RO          519    i.HardFault_Handler  stm32f1xx_it.o
    0x080029de   0x080029de   0x00000056   Code   RO         5762    i.LoRa_BurstWrite   lora.o
    0x08002a34   0x08002a34   0x0000000c   Code   RO         5763    i.LoRa_getRSSI      lora.o
    0x08002a40   0x08002a40   0x00000066   Code   RO         5764    i.LoRa_gotoMode     lora.o
    0x08002aa6   0x08002aa6   0x000000e4   Code   RO         5765    i.LoRa_init         lora.o
    0x08002b8a   0x08002b8a   0x0000001e   Code   RO         5767    i.LoRa_read         lora.o
    0x08002ba8   0x08002ba8   0x00000058   Code   RO         5768    i.LoRa_readReg      lora.o
    0x08002c00   0x08002c00   0x0000007c   Code   RO         5769    i.LoRa_receive      lora.o
    0x08002c7c   0x08002c7c   0x0000004c   Code   RO         5771    i.LoRa_setAutoLDO   lora.o
    0x08002cc8   0x08002cc8   0x00000040   Code   RO         5772    i.LoRa_setFrequency  lora.o
    0x08002d08   0x08002d08   0x0000002a   Code   RO         5773    i.LoRa_setLowDaraRateOptimization  lora.o
    0x08002d32   0x08002d32   0x0000003e   Code   RO         5774    i.LoRa_setOCP       lora.o
    0x08002d70   0x08002d70   0x00000014   Code   RO         5775    i.LoRa_setPower     lora.o
    0x08002d84   0x08002d84   0x00000040   Code   RO         5776    i.LoRa_setSpreadingFactor  lora.o
    0x08002dc4   0x08002dc4   0x00000020   Code   RO         5778    i.LoRa_setTOMsb_setCRCon  lora.o
    0x08002de4   0x08002de4   0x00000006   Code   RO         5779    i.LoRa_startReceiving  lora.o
    0x08002dea   0x08002dea   0x00000084   Code   RO         5780    i.LoRa_transmit     lora.o
    0x08002e6e   0x08002e6e   0x0000001e   Code   RO         5781    i.LoRa_write        lora.o
    0x08002e8c   0x08002e8c   0x00000058   Code   RO         5782    i.LoRa_writeReg     lora.o
    0x08002ee4   0x08002ee4   0x00000064   Code   RO          384    i.MX_ADC1_Init      main.o
    0x08002f48   0x08002f48   0x00000150   Code   RO          385    i.MX_GPIO_Init      main.o
    0x08003098   0x08003098   0x00000068   Code   RO          386    i.MX_RTC_Init       main.o
    0x08003100   0x08003100   0x00000044   Code   RO          387    i.MX_SPI1_Init      main.o
    0x08003144   0x08003144   0x0000006c   Code   RO          388    i.MX_TIM1_Init      main.o
    0x080031b0   0x080031b0   0x00000002   Code   RO          520    i.MemManage_Handler  stm32f1xx_it.o
    0x080031b2   0x080031b2   0x00000002   Code   RO          521    i.NMI_Handler       stm32f1xx_it.o
    0x080031b4   0x080031b4   0x00000012   Code   RO         2508    i.RTC_Bcd2ToByte    stm32f1xx_hal_rtc.o
    0x080031c6   0x080031c6   0x00000016   Code   RO         2509    i.RTC_ByteToBcd2    stm32f1xx_hal_rtc.o
    0x080031dc   0x080031dc   0x000000ae   Code   RO         2510    i.RTC_DateUpdate    stm32f1xx_hal_rtc.o
    0x0800328a   0x0800328a   0x00000034   Code   RO         2511    i.RTC_EnterInitMode  stm32f1xx_hal_rtc.o
    0x080032be   0x080032be   0x00000002   PAD
    0x080032c0   0x080032c0   0x00000036   Code   RO         2512    i.RTC_ExitInitMode  stm32f1xx_hal_rtc.o
    0x080032f6   0x080032f6   0x0000000e   Code   RO         2513    i.RTC_ReadAlarmCounter  stm32f1xx_hal_rtc.o
    0x08003304   0x08003304   0x00000020   Code   RO         2514    i.RTC_ReadTimeCounter  stm32f1xx_hal_rtc.o
    0x08003324   0x08003324   0x00000056   Code   RO         2515    i.RTC_WeekDayNum    stm32f1xx_hal_rtc.o
    0x0800337a   0x0800337a   0x00000028   Code   RO         2516    i.RTC_WriteAlarmCounter  stm32f1xx_hal_rtc.o
    0x080033a2   0x080033a2   0x00000028   Code   RO         2517    i.RTC_WriteTimeCounter  stm32f1xx_hal_rtc.o
    0x080033ca   0x080033ca   0x0000005c   Code   RO         2811    i.SPI_EndRxTransaction  stm32f1xx_hal_spi.o
    0x08003426   0x08003426   0x00000034   Code   RO         2812    i.SPI_EndRxTxTransaction  stm32f1xx_hal_spi.o
    0x0800345a   0x0800345a   0x00000002   PAD
    0x0800345c   0x0800345c   0x000000b8   Code   RO         2817    i.SPI_WaitFlagStateUntilTimeout  stm32f1xx_hal_spi.o
    0x08003514   0x08003514   0x00000008   Code   RO          389    i.StartDefaultTask  main.o
    0x0800351c   0x0800351c   0x0000002c   Code   RO         5683    i.SysTick_Handler   port.o
    0x08003548   0x08003548   0x00000086   Code   RO          390    i.SystemClock_Config  main.o
    0x080035ce   0x080035ce   0x00000002   Code   RO         4422    i.SystemInit        system_stm32f1xx.o
    0x080035d0   0x080035d0   0x0000000c   Code   RO          522    i.TIM1_UP_IRQHandler  stm32f1xx_it.o
    0x080035dc   0x080035dc   0x0000000c   Code   RO          523    i.TIM2_IRQHandler   stm32f1xx_it.o
    0x080035e8   0x080035e8   0x00000078   Code   RO         3180    i.TIM_Base_SetConfig  stm32f1xx_hal_tim.o
    0x08003660   0x08003660   0x00000014   Code   RO         3191    i.TIM_ETR_SetConfig  stm32f1xx_hal_tim.o
    0x08003674   0x08003674   0x00000010   Code   RO         3192    i.TIM_ITRx_SetConfig  stm32f1xx_hal_tim.o
    0x08003684   0x08003684   0x00000022   Code   RO         3198    i.TIM_TI1_ConfigInputStage  stm32f1xx_hal_tim.o
    0x080036a6   0x080036a6   0x00000024   Code   RO         3200    i.TIM_TI2_ConfigInputStage  stm32f1xx_hal_tim.o
    0x080036ca   0x080036ca   0x00000002   PAD
    0x080036cc   0x080036cc   0x00000070   Code   RO          279    i.TaskAdc           adc.o
    0x0800373c   0x0800373c   0x00000040   Code   RO           14    i.TaskButton        user_task.o
    0x0800377c   0x0800377c   0x00000044   Code   RO          321    i.TaskHienThi       7seg.o
    0x080037c0   0x080037c0   0x00000030   Code   RO           15    i.TaskLed           user_task.o
    0x080037f0   0x080037f0   0x00000134   Code   RO           17    i.TaskNode          user_task.o
    0x08003924   0x08003924   0x00000064   Code   RO           18    i.TaskRTC           user_task.o
    0x08003988   0x08003988   0x00000010   Code   RO         4101    i.UART_DMAAbortOnError  stm32f1xx_hal_uart.o
    0x08003998   0x08003998   0x0000004e   Code   RO         4111    i.UART_EndRxTransfer  stm32f1xx_hal_uart.o
    0x080039e6   0x080039e6   0x000000c2   Code   RO         4113    i.UART_Receive_IT   stm32f1xx_hal_uart.o
    0x08003aa8   0x08003aa8   0x000000b8   Code   RO         4114    i.UART_SetConfig    stm32f1xx_hal_uart.o
    0x08003b60   0x08003b60   0x0000000c   Code   RO          524    i.USART1_IRQHandler  stm32f1xx_it.o
    0x08003b6c   0x08003b6c   0x0000000c   Code   RO          525    i.USART3_IRQHandler  stm32f1xx_it.o
    0x08003b78   0x08003b78   0x00000002   Code   RO          526    i.UsageFault_Handler  stm32f1xx_it.o
    0x08003b7a   0x08003b7a   0x00000020   Code   RO         1567    i.__NVIC_SetPriority  stm32f1xx_hal_cortex.o
    0x08003b9a   0x08003b9a   0x0000000a   Code   RO         6103    i.__mathlib_flt_divzero  m_ws.l(funder.o)
    0x08003ba4   0x08003ba4   0x00000006   Code   RO         6104    i.__mathlib_flt_infnan  m_ws.l(funder.o)
    0x08003baa   0x08003baa   0x00000008   Code   RO         6106    i.__mathlib_flt_invalid  m_ws.l(funder.o)
    0x08003bb2   0x08003bb2   0x00000002   PAD
    0x08003bb4   0x08003bb4   0x0000006c   Code   RO          280    i.adc_to_temp       adc.o
    0x08003c20   0x08003c20   0x0000003c   Code   RO           21    i.crc16_ccitt       user_task.o
    0x08003c5c   0x08003c5c   0x0000006c   Code   RO          322    i.giai_ma_quet      7seg.o
    0x08003cc8   0x08003cc8   0x0000008c   Code   RO          323    i.giai_ma_quet_2    7seg.o
    0x08003d54   0x08003d54   0x00000190   Code   RO         6024    i.logf              m_ws.l(logf.o)
    0x08003ee4   0x08003ee4   0x0000006c   Code   RO           23    i.lora_init_config  user_task.o
    0x08003f50   0x08003f50   0x000001f8   Code   RO          391    i.main              main.o
    0x08004148   0x08004148   0x0000000c   Code   RO         5248    i.makeFreeRtosPriority  cmsis_os.o
    0x08004154   0x08004154   0x00000038   Code   RO         5783    i.newLoRa           lora.o
    0x0800418c   0x0800418c   0x0000000e   Code   RO         5250    i.osDelay           cmsis_os.o
    0x0800419a   0x0800419a   0x0000000a   Code   RO         5253    i.osKernelStart     cmsis_os.o
    0x080041a4   0x080041a4   0x00000054   Code   RO         5287    i.osThreadCreate    cmsis_os.o
    0x080041f8   0x080041f8   0x00000070   Code   RO         4924    i.prvAddCurrentTaskToDelayedList  tasks.o
    0x08004268   0x08004268   0x000000d0   Code   RO         4925    i.prvAddNewTaskToReadyList  tasks.o
    0x08004338   0x08004338   0x00000034   Code   RO         4926    i.prvDeleteTCB      tasks.o
    0x0800436c   0x0800436c   0x00000048   Code   RO         5615    i.prvHeapInit       heap_4.o
    0x080043b4   0x080043b4   0x00000060   Code   RO         4927    i.prvIdleTask       tasks.o
    0x08004414   0x08004414   0x00000016   Code   RO         4603    i.prvInitialiseNewQueue  queue.o
    0x0800442a   0x0800442a   0x00000098   Code   RO         4928    i.prvInitialiseNewTask  tasks.o
    0x080044c2   0x080044c2   0x00000002   PAD
    0x080044c4   0x080044c4   0x0000004c   Code   RO         5616    i.prvInsertBlockIntoFreeList  heap_4.o
    0x08004510   0x08004510   0x00000020   Code   RO         4929    i.prvResetNextTaskUnblockTime  tasks.o
    0x08004530   0x08004530   0x00000028   Code   RO         5684    i.prvTaskExitError  port.o
    0x08004558   0x08004558   0x000000dc   Code   RO         5617    i.pvPortMalloc      heap_4.o
    0x08004634   0x08004634   0x00000024   Code   RO         5685    i.pxPortInitialiseStack  port.o
    0x08004658   0x08004658   0x00000026   Code   RO         4560    i.uxListRemove      list.o
    0x0800467e   0x0800467e   0x00000002   PAD
    0x08004680   0x08004680   0x00000014   Code   RO          477    i.vApplicationGetIdleTaskMemory  freertos.o
    0x08004694   0x08004694   0x00000016   Code   RO         4561    i.vListInitialise   list.o
    0x080046aa   0x080046aa   0x00000006   Code   RO         4562    i.vListInitialiseItem  list.o
    0x080046b0   0x080046b0   0x00000030   Code   RO         4563    i.vListInsert       list.o
    0x080046e0   0x080046e0   0x00000018   Code   RO         4564    i.vListInsertEnd    list.o
    0x080046f8   0x080046f8   0x00000040   Code   RO         5687    i.vPortEnterCritical  port.o
    0x08004738   0x08004738   0x00000028   Code   RO         5688    i.vPortExitCritical  port.o
    0x08004760   0x08004760   0x00000064   Code   RO         5618    i.vPortFree         heap_4.o
    0x080047c4   0x080047c4   0x00000024   Code   RO         5689    i.vPortSetupTimerInterrupt  port.o
    0x080047e8   0x080047e8   0x00000054   Code   RO         5690    i.vPortValidateInterruptPriority  port.o
    0x0800483c   0x0800483c   0x0000004c   Code   RO         4938    i.vTaskDelay        tasks.o
    0x08004888   0x08004888   0x0000008c   Code   RO         4939    i.vTaskDelayUntil   tasks.o
    0x08004914   0x08004914   0x0000006c   Code   RO         4952    i.vTaskStartScheduler  tasks.o
    0x08004980   0x08004980   0x00000010   Code   RO         4954    i.vTaskSuspendAll   tasks.o
    0x08004990   0x08004990   0x0000005c   Code   RO         4955    i.vTaskSwitchContext  tasks.o
    0x080049ec   0x080049ec   0x000000a8   Code   RO         5691    i.xPortStartScheduler  port.o
    0x08004a94   0x08004a94   0x00000042   Code   RO         4614    i.xQueueGenericCreate  queue.o
    0x08004ad6   0x08004ad6   0x00000002   PAD
    0x08004ad8   0x08004ad8   0x00000088   Code   RO         4616    i.xQueueGenericReset  queue.o
    0x08004b60   0x08004b60   0x0000009c   Code   RO         4619    i.xQueueGiveFromISR  queue.o
    0x08004bfc   0x08004bfc   0x0000005a   Code   RO         4958    i.xTaskCreate       tasks.o
    0x08004c56   0x08004c56   0x00000056   Code   RO         4959    i.xTaskCreateStatic  tasks.o
    0x08004cac   0x08004cac   0x0000000c   Code   RO         4964    i.xTaskGetTickCount  tasks.o
    0x08004cb8   0x08004cb8   0x000000cc   Code   RO         4966    i.xTaskIncrementTick  tasks.o
    0x08004d84   0x08004d84   0x00000074   Code   RO         4971    i.xTaskRemoveFromEventList  tasks.o
    0x08004df8   0x08004df8   0x000000c4   Code   RO         4972    i.xTaskResumeAll    tasks.o
    0x08004ebc   0x08004ebc   0x0000004c   Code   RO          324    i.xuat_1_byte       7seg.o
    0x08004f08   0x08004f08   0x00000044   Code   RO          325    i.xuat_8led_7doan   7seg.o
    0x08004f4c   0x08004f4c   0x000002b0   Code   RO         5988    x$fpl$ddiv          fz_ws.l(ddiv.o)
    0x080051fc   0x080051fc   0x0000005e   Code   RO         5991    x$fpl$dfix          fz_ws.l(dfix.o)
    0x0800525a   0x0800525a   0x0000002e   Code   RO         5996    x$fpl$dflt          fz_ws.l(dflt_clz.o)
    0x08005288   0x08005288   0x0000009c   Code   RO         6092    x$fpl$dnaninf       fz_ws.l(dnaninf.o)
    0x08005324   0x08005324   0x0000000c   Code   RO         6094    x$fpl$dretinf       fz_ws.l(dretinf.o)
    0x08005330   0x08005330   0x000000c4   Code   RO         6003    x$fpl$fadd          fz_ws.l(faddsub_clz.o)
    0x080053f4   0x080053f4   0x0000000c   Code   RO         6178    x$fpl$fcheck1       fz_ws.l(fcheck1.o)
    0x08005400   0x08005400   0x00000184   Code   RO         6010    x$fpl$fdiv          fz_ws.l(fdiv.o)
    0x08005584   0x08005584   0x00000030   Code   RO         6014    x$fpl$fflt          fz_ws.l(fflt_clz.o)
    0x080055b4   0x080055b4   0x00000026   Code   RO         6013    x$fpl$ffltu         fz_ws.l(fflt_clz.o)
    0x080055da   0x080055da   0x00000002   PAD
    0x080055dc   0x080055dc   0x00000102   Code   RO         6019    x$fpl$fmul          fz_ws.l(fmul.o)
    0x080056de   0x080056de   0x0000008c   Code   RO         6096    x$fpl$fnaninf       fz_ws.l(fnaninf.o)
    0x0800576a   0x0800576a   0x0000000a   Code   RO         6098    x$fpl$fretinf       fz_ws.l(fretinf.o)
    0x08005774   0x08005774   0x000000ea   Code   RO         6005    x$fpl$fsub          fz_ws.l(faddsub_clz.o)
    0x0800585e   0x0800585e   0x00000064   Code   RO         6205    x$fpl$retnan        fz_ws.l(retnan.o)
    0x080058c2   0x080058c2   0x0000004c   Code   RO         6100    x$fpl$scalbnf       fz_ws.l(scalbnf.o)
    0x0800590e   0x0800590e   0x00000030   Code   RO         6217    x$fpl$trapveneer    fz_ws.l(trapv.o)
    0x0800593e   0x0800593e   0x00000000   Code   RO         6102    x$fpl$usenofp       fz_ws.l(usenofp.o)
    0x0800593e   0x0800593e   0x00000002   PAD
    0x08005940   0x08005940   0x00000020   Data   RO           25    .constdata          user_task.o
    0x08005960   0x08005960   0x0000000a   Data   RO          326    .constdata          7seg.o
    0x0800596a   0x0800596a   0x00000002   PAD
    0x0800596c   0x0800596c   0x0000001c   Data   RO          396    .constdata          main.o
    0x08005988   0x08005988   0x00000012   Data   RO         1265    .constdata          stm32f1xx_hal_rcc.o
    0x0800599a   0x0800599a   0x00000012   Data   RO         1357    .constdata          stm32f1xx_hal_rcc_ex.o
    0x080059ac   0x080059ac   0x00000010   Data   RO         4423    .constdata          system_stm32f1xx.o
    0x080059bc   0x080059bc   0x00000008   Data   RO         4424    .constdata          system_stm32f1xx.o
    0x080059c4   0x080059c4   0x00000004   PAD
    0x080059c8   0x080059c8   0x00000050   Data   RO         5784    .constdata          lora.o
    0x08005a18   0x08005a18   0x00000040   Data   RO         6025    .constdata          m_ws.l(logf.o)
    0x08005a58   0x08005a58   0x0000000c   Data   RO          397    .conststring        main.o
    0x08005a64   0x08005a64   0x00000020   Data   RO         6280    Region$$Table       anon$$obj.o


    Execution Region RW_IRAM1 (Exec base: 0x20000000, Load base: 0x08005a84, Size: 0x00002540, Max: 0x00005000, ABSOLUTE)

    Exec Addr    Load Addr    Size         Type   Attr      Idx    E Section Name        Object

    0x20000000   0x08005a84   0x00000014   Data   RW           29    .data               user_task.o
    0x20000014   0x08005a98   0x00000001   Data   RW          282    .data               adc.o
    0x20000015   0x08005a99   0x0000000b   Data   RW          327    .data               7seg.o
    0x20000020   0x08005aa4   0x0000000c   Data   RW          398    .data               main.o
    0x2000002c   0x08005ab0   0x00000003   Data   RW          399    .data               main.o
    0x2000002f   0x08005ab3   0x00000004   Data   RW          400    .data               main.o
    0x20000033   0x08005ab7   0x00000001   PAD
    0x20000034   0x08005ab8   0x0000000c   Data   RW         1102    .data               stm32f1xx_hal.o
    0x20000040   0x08005ac4   0x00000004   Data   RW         4425    .data               system_stm32f1xx.o
    0x20000044   0x08005ac8   0x0000003c   Data   RW         4975    .data               tasks.o
    0x20000080   0x08005b04   0x00000020   Data   RW         5624    .data               heap_4.o
    0x200000a0   0x08005b24   0x0000000c   Data   RW         5692    .data               port.o
    0x200000ac        -       0x0000002c   Zero   RW           24    .bss                user_task.o
    0x200000d8        -       0x00000030   Zero   RW          281    .bss                adc.o
    0x20000108        -       0x000001c8   Zero   RW          392    .bss                main.o
    0x200002d0        -       0x00000044   Zero   RW          393    .bss                main.o
    0x20000314        -       0x00000044   Zero   RW          394    .bss                main.o
    0x20000358        -       0x00000044   Zero   RW          395    .bss                main.o
    0x2000039c        -       0x00000254   Zero   RW          478    .bss                freertos.o
    0x200005f0        -       0x00000048   Zero   RW          729    .bss                stm32f1xx_hal_timebase_tim.o
    0x20000638        -       0x000000f0   Zero   RW         4974    .bss                tasks.o
    0x20000728        -       0x000017b8   Zero   RW         5623    .bss                heap_4.o
    0x20001ee0        -       0x00000060   Zero   RW         6187    .bss                c_w.l(libspace.o)
    0x20001f40        -       0x00000200   Zero   RW            2    HEAP                startup_stm32f103xb.o
    0x20002140        -       0x00000400   Zero   RW            1    STACK               startup_stm32f103xb.o


==============================================================================

Image component sizes


      Code (inc. data)   RO Data    RW Data    ZI Data      Debug   Object Name

       476         52         10         11          0       4134   7seg.o
       220         36          0          1         48       2224   adc.o
       120          0          0          0          0      23273   cmsis_os.o
         0          0          0          0          0      20116   event_groups.o
        20          4          0          0        596       1220   freertos.o
       468         22          0         32       6072       7291   heap_4.o
       138          0          0          0          0       3366   list.o
      1342          6         80          0          0      14005   lora.o
      1428        198         40         19        660      12084   main.o
       662         70          0         12          0      11013   port.o
       380          4          0          0          0       8759   queue.o
        64         26        236          0       1536        804   startup_stm32f103xb.o
       100         18          0         12          0       5206   stm32f1xx_hal.o
      1134         56          0          0          0       8466   stm32f1xx_hal_adc.o
       158         14          0          0          0      28158   stm32f1xx_hal_cortex.o
       808         36          0          0          0       4950   stm32f1xx_hal_dma.o
       530         40          0          0          0       4064   stm32f1xx_hal_gpio.o
       392         16          0          0          0       3195   stm32f1xx_hal_i2c.o
       852        112          0          0          0       5150   stm32f1xx_hal_msp.o
        12          4          0          0          0        507   stm32f1xx_hal_pwr.o
      1304         94         18          0          0       5709   stm32f1xx_hal_rcc.o
       400         28         18          0          0       2453   stm32f1xx_hal_rcc_ex.o
      1400         12          0          0          0      12620   stm32f1xx_hal_rtc.o
      1706          4          0          0          0       8565   stm32f1xx_hal_spi.o
       936         24          0          0          0       9793   stm32f1xx_hal_tim.o
       108         12          0          0          0       2385   stm32f1xx_hal_tim_ex.o
       152         18          0          0         72       1467   stm32f1xx_hal_timebase_tim.o
      1200         10          0          0          0       7912   stm32f1xx_hal_uart.o
       128         42          0          0          0       6936   stm32f1xx_it.o
         0          0          0          0          0        392   stream_buffer.o
         2          0         24          4          0       1103   system_stm32f1xx.o
      1788        134          0         60        240      21519   tasks.o
       688         80         32         20         44     495154   user_task.o

    ----------------------------------------------------------------------
     19150       1172        496        172       9268     743993   Object Totals
         0          0         32          0          0          0   (incl. Generated)
        34          0          6          1          0          0   (incl. Padding)

    ----------------------------------------------------------------------

      Code (inc. data)   RO Data    RW Data    ZI Data      Debug   Library Member Name

         8          0          0          0          0         68   __main.o
         0          0          0          0          0          0   __rtentry.o
        12          0          0          0          0          0   __rtentry2.o
         6          0          0          0          0          0   __rtentry4.o
        52          8          0          0          0          0   __scatter.o
        26          0          0          0          0          0   __scatter_copy.o
        28          0          0          0          0          0   __scatter_zi.o
        22          0          0          0          0        100   _rserrno.o
        18          0          0          0          0         80   exit.o
         6          0          0          0          0        152   heapauxi.o
         0          0          0          0          0          0   indicate_semi.o
         2          0          0          0          0          0   libinit.o
         2          0          0          0          0          0   libinit2.o
         2          0          0          0          0          0   libshutdown.o
         2          0          0          0          0          0   libshutdown2.o
         8          4          0          0         96         68   libspace.o
         8          4          0          0          0         68   rt_errno_addr_intlibspace.o
        78          0          0          0          0         80   rt_memclr_w.o
       100          0          0          0          0         80   rt_memcpy_w.o
         2          0          0          0          0          0   rtexit.o
        10          0          0          0          0          0   rtexit2.o
        12          4          0          0          0         68   sys_exit.o
        74          0          0          0          0         80   sys_stackheap_outer.o
         2          0          0          0          0         68   use_no_semi.o
       688        140          0          0          0        208   ddiv.o
        94          4          0          0          0         92   dfix.o
        46          0          0          0          0         68   dflt_clz.o
       156          4          0          0          0         92   dnaninf.o
        12          0          0          0          0         68   dretinf.o
       430          8          0          0          0        168   faddsub_clz.o
        12          4          0          0          0         68   fcheck1.o
       388         76          0          0          0         96   fdiv.o
        86          0          0          0          0        136   fflt_clz.o
       258          4          0          0          0         84   fmul.o
       140          4          0          0          0         84   fnaninf.o
        10          0          0          0          0         68   fretinf.o
       100          0          0          0          0         68   retnan.o
        76          0          0          0          0         68   scalbnf.o
        48          0          0          0          0         68   trapv.o
         0          0          0          0          0          0   usenofp.o
        24          0          0          0          0        204   funder.o
       400         38         64          0          0        132   logf.o

    ----------------------------------------------------------------------
      3462        302         64          0         96       2684   Library Totals
        14          0          0          0          0          0   (incl. Padding)

    ----------------------------------------------------------------------

      Code (inc. data)   RO Data    RW Data    ZI Data      Debug   Library Name

       480         20          0          0         96        912   c_w.l
      2544        244          0          0          0       1436   fz_ws.l
       424         38         64          0          0        336   m_ws.l

    ----------------------------------------------------------------------
      3462        302         64          0         96       2684   Library Totals

    ----------------------------------------------------------------------

==============================================================================


      Code (inc. data)   RO Data    RW Data    ZI Data      Debug   

     22612       1474        560        172       9364     734973   Grand Totals
     22612       1474        560        172       9364     734973   ELF Image Totals
     22612       1474        560        172          0          0   ROM Totals

==============================================================================

    Total RO  Size (Code + RO Data)                23172 (  22.63kB)
    Total RW  Size (RW Data + ZI Data)              9536 (   9.31kB)
    Total ROM Size (Code + RO Data + RW Data)      23344 (  22.80kB)

==============================================================================

